<html>
<body>
<pre>
<h1>µVision Build Log</h1>
<h2>Tool Versions:</h2>
IDE-Version: ¦ÌVision V5.29.0.0
Copyright (C) 2019 ARM Ltd and ARM Germany GmbH. All rights reserved.
License Information: a 1785050, HP Inc., LIC=RC93N-YS7LR-EVV1R-KCM6S-FC8LK-Y6JBB
 
Tool Versions:
Toolchain:       MDK-ARM Plus  Version: 5.29.0.0
Toolchain Path:  C:\Keil_v5\ARM\ARMCC\Bin
C Compiler:      Armcc.exe V5.06 update 6 (build 750)
Assembler:       Armasm.exe V5.06 update 6 (build 750)
Linker/Locator:  ArmLink.exe V5.06 update 6 (build 750)
Library Manager: ArmAr.exe V5.06 update 6 (build 750)
Hex Converter:   FromElf.exe V5.06 update 6 (build 750)
CPU DLL:         SARMCM3.DLL V5.29.0.0
Dialog DLL:      DCM.DLL V1.17.3.0
Target DLL:      Segger\JL2CM3.dll V2.99.36.0
Dialog DLL:      TCM.DLL V1.36.5.0
 
<h2>Project:</h2>
D:\workspace\code\FULL_in1\Uwalker_v1d1d7_rc\project\mdk5\ble_app_uarts.uvprojx
Project File Date:  08/11/2023

<h2>Output:</h2>
*** Using Compiler 'V5.06 update 6 (build 750)', folder: 'C:\Keil_v5\ARM\ARMCC\Bin'
Rebuild target 'IK-52810DK'
compiling utf.c...
compiling boards.c...
compiling ble_advdata.c...
compiling bsp.c...
compiling ble_conn_params.c...
compiling sensor.c...
compiling device_name_op.c...
compiling main.c...
..\..\app\main.c(1015): warning:  #177-D: function "log_init"  was declared but never referenced
  static void log_init(void)
..\..\app\main.c: 1 warning, 0 errors
compiling ble_srv_common.c...
compiling ble_conn_state.c...
compiling nrf_ble_gatt.c...
compiling ble_advertising.c...
compiling nrf_ble_qwr.c...
compiling ble_link_ctx_manager.c...
compiling my_ble_uarts.c...
compiling nrf_drv_clock.c...
compiling nrf_drv_uart.c...
compiling nrfx_clock.c...
compiling nrfx_prs.c...
compiling nrfx_gpiote.c...
compiling nrfx_uart.c...
compiling nrfx_uarte.c...
compiling nrfx_atomic.c...
compiling app_scheduler.c...
compiling nrfx_wdt.c...
compiling nrfx_saadc.c...
compiling app_button.c...
compiling app_timer2.c...
compiling hardfault_implementation.c...
compiling nrf_atfifo.c...
compiling nrf_atflags.c...
compiling nrf_atomic.c...
compiling nrf_balloc.c...
compiling nrf_memobj.c...
compiling nrf_pwr_mgmt.c...
compiling nrf_fprintf.c...
compiling drv_rtc.c...
compiling app_error.c...
compiling nrf_fprintf_format.c...
compiling nrf_ringbuf.c...
compiling nrf_section_iter.c...
compiling app_error_handler_keil.c...
compiling nrf_assert.c...
compiling app_error_weak.c...
compiling app_util_platform.c...
compiling nrf_strerror.c...
compiling nrf_sortlist.c...
compiling app_fifo.c...
compiling retarget.c...
compiling nrf_fstorage.c...
compiling app_uart_fifo.c...
compiling nrf_fstorage_sd.c...
compiling crc16.c...
compiling fds.c...
compiling nrf_log_backend_rtt.c...
compiling SEGGER_RTT_Syscalls_KEIL.c...
compiling nrf_log_backend_uart.c...
compiling nrf_log_backend_serial.c...
compiling nrf_log_default_backends.c...
compiling nrf_log_str_formatter.c...
compiling nrf_log_frontend.c...
compiling SEGGER_RTT.c...
assembling arm_startup_nrf52810.s...
compiling SEGGER_RTT_printf.c...
compiling nrf_sdh.c...
compiling nrf_sdh_soc.c...
compiling nrf_sdh_ble.c...
compiling system_nrf52810.c...
compiling nrf_nvmc.c...
linking...
Program Size: Code=48288 RO-data=3976 RW-data=492 ZI-data=7748  
FromELF: creating hex file...
".\Hex\UHwalker.axf" - 0 Error(s), 1 Warning(s).

<h2>Software Packages used:</h2>

Package Vendor: ARM
                http://www.keil.com/pack/ARM.CMSIS.5.6.0.pack
                ARM.CMSIS.5.6.0
                CMSIS (Cortex Microcontroller Software Interface Standard)
   * Component: CORE Version: 5.3.0

Package Vendor: NordicSemiconductor
                http://developer.nordicsemi.com/nRF5_SDK/pieces/nRF_DeviceFamilyPack/NordicSemiconductor.nRF_DeviceFamilyPack.8.35.0.pack
                NordicSemiconductor.nRF_DeviceFamilyPack.8.35.0
                Nordic Semiconductor nRF ARM devices Device Family Pack with BSD license.
   * Component: Startup Version: 8.35.0

<h2>Collection of Component include folders:</h2>
  .\RTE\_IK-52810DK
  C:\Keil_v5\ArmPacks\ARM\CMSIS\5.6.0\CMSIS\Core\Include
  C:\Keil_v5\ArmPacks\NordicSemiconductor\nRF_DeviceFamilyPack\8.35.0\Device\Include

<h2>Collection of Component Files used:</h2>

   * Component: ARM::CMSIS:CORE:5.3.0

   * Component: NordicSemiconductor::Device:Startup:8.35.0
      Source file:   Device\Source\arm\arm_startup_nrf52810.s
      Source file:   Device\Source\system_nrf52810.c
      Include file:  Device\Include\system_nrf.h
      Include file:  Device\Include\system_nrf52810.h
Build Time Elapsed:  00:00:09
</pre>
</body>
</html>
