Component: ARM Compiler 5.06 update 6 (build 750) Tool: armlink [4d35ed]

==============================================================================

Section Cross References

    main.o(i.IO_Init) refers to main.o(i.nrf_gpio_cfg_output) for nrf_gpio_cfg_output
    main.o(i.IO_Init) refers to main.o(i.nrf_gpio_cfg_input) for nrf_gpio_cfg_input
    main.o(i.IO_Init) refers to main.o(i.nrf_gpio_pin_set) for nrf_gpio_pin_set
    main.o(i.IO_Init) refers to main.o(i.nrf_delay_ms) for nrf_delay_ms
    main.o(i.IO_Init) refers to main.o(i.nrf_gpio_pin_clear) for nrf_gpio_pin_clear
    main.o(i.IO_Init) refers to main.o(i.Set_Led) for Set_Led
    main.o(i.IO_Init) refers to main.o(.data) for Sys_State
    main.o(i.Send_Edition) refers to nrf_log_frontend.o(i.nrf_log_frontend_std_3) for nrf_log_frontend_std_3
    main.o(i.Send_Edition) refers to main.o(.data) for time
    main.o(i.Send_Edition) refers to nrf_log_frontend.o(log_const_data) for m_nrf_log_app_logs_data_const
    main.o(i.Set_Led) refers to main.o(i.nrf_gpio_pin_set) for nrf_gpio_pin_set
    main.o(i.Set_Led) refers to main.o(i.nrf_gpio_pin_clear) for nrf_gpio_pin_clear
    main.o(i.Set_Led) refers to main.o(i.nrf_gpio_pin_toggle) for nrf_gpio_pin_toggle
    main.o(i.Set_Led) refers to main.o(.data) for Charge_Ing
    main.o(i.battery_smooth) refers to nrfx_saadc.o(i.nrfx_saadc_sample_convert) for nrfx_saadc_sample_convert
    main.o(i.battery_smooth) refers to memseta.o(.text) for __aeabi_memclr
    main.o(i.battery_smooth) refers to main.o(.data) for Batt_samp_n
    main.o(i.battery_smooth) refers to main.o(.bss) for Batt_adc
    main.o(i.ble_evt_handler) refers to device_name_op.o(i.ble_gatt_params_on_ble_evt) for ble_gatt_params_on_ble_evt
    main.o(i.ble_evt_handler) refers to nrf_log_frontend.o(i.nrf_log_frontend_std_1) for nrf_log_frontend_std_1
    main.o(i.ble_evt_handler) refers to main.o(i.Set_Led) for Set_Led
    main.o(i.ble_evt_handler) refers to nrf_log_frontend.o(i.nrf_log_frontend_std_0) for nrf_log_frontend_std_0
    main.o(i.ble_evt_handler) refers to main.o(i.nrf_gpio_pin_set) for nrf_gpio_pin_set
    main.o(i.ble_evt_handler) refers to nrf_ble_qwr.o(i.nrf_ble_qwr_conn_handle_assign) for nrf_ble_qwr_conn_handle_assign
    main.o(i.ble_evt_handler) refers to app_error_handler_keil.o(.emb_text) for app_error_handler
    main.o(i.ble_evt_handler) refers to main.o(.data) for m_conn_handle
    main.o(i.ble_evt_handler) refers to nrf_log_frontend.o(log_const_data) for m_nrf_log_app_logs_data_const
    main.o(i.ble_evt_handler) refers to main.o(.bss) for m_qwr
    main.o(i.ble_stack_init) refers to nrf_sdh.o(i.nrf_sdh_enable_request) for nrf_sdh_enable_request
    main.o(i.ble_stack_init) refers to app_error_handler_keil.o(.emb_text) for app_error_handler
    main.o(i.ble_stack_init) refers to nrf_sdh_ble.o(i.nrf_sdh_ble_default_cfg_set) for nrf_sdh_ble_default_cfg_set
    main.o(i.ble_stack_init) refers to nrf_sdh_ble.o(i.nrf_sdh_ble_enable) for nrf_sdh_ble_enable
    main.o(i.button_event_handler) refers to main.o(i.Set_Led) for Set_Led
    main.o(i.button_event_handler) refers to device_name_op.o(i.ble_adv_stop) for ble_adv_stop
    main.o(i.button_event_handler) refers to main.o(i.deep_sleep) for deep_sleep
    main.o(i.button_event_handler) refers to main.o(.data) for off_sta
    main.o(i.buttons_init) refers to app_button.o(i.app_button_init) for app_button_init
    main.o(i.buttons_init) refers to app_error_handler_keil.o(.emb_text) for app_error_handler
    main.o(i.buttons_init) refers to app_button.o(i.app_button_enable) for app_button_enable
    main.o(i.buttons_init) refers to main.o(.data) for buttons
    main.o(i.conn_params_error_handler) refers to nrf_log_frontend.o(i.nrf_log_frontend_std_0) for nrf_log_frontend_std_0
    main.o(i.conn_params_error_handler) refers to main.o(i.__NVIC_SystemReset) for __NVIC_SystemReset
    main.o(i.conn_params_error_handler) refers to nrf_log_frontend.o(log_const_data) for m_nrf_log_app_logs_data_const
    main.o(i.conn_params_init) refers to memseta.o(.text) for __aeabi_memclr4
    main.o(i.conn_params_init) refers to ble_conn_params.o(i.ble_conn_params_init) for ble_conn_params_init
    main.o(i.conn_params_init) refers to app_error_handler_keil.o(.emb_text) for app_error_handler
    main.o(i.conn_params_init) refers to main.o(i.on_conn_params_evt) for on_conn_params_evt
    main.o(i.conn_params_init) refers to main.o(i.conn_params_error_handler) for conn_params_error_handler
    main.o(i.deep_sleep) refers to app_timer2.o(i.app_timer_stop_all) for app_timer_stop_all
    main.o(i.deep_sleep) refers to main.o(i.nrf_delay_ms) for nrf_delay_ms
    main.o(i.deep_sleep) refers to device_name_op.o(i.ble_adv_stop) for ble_adv_stop
    main.o(i.deep_sleep) refers to nrfx_saadc.o(i.nrfx_saadc_uninit) for nrfx_saadc_uninit
    main.o(i.deep_sleep) refers to app_uart_fifo.o(i.app_uart_close) for app_uart_close
    main.o(i.deep_sleep) refers to main.o(i.nrf_gpio_pin_set) for nrf_gpio_pin_set
[...]
    m_nrf_log_UART_logs_data_const           0x00025b3c   Data           8  nrfx_uart.o(log_const_data)
    m_nrf_log_UARTE_logs_data_const          0x00025b44   Data           8  nrfx_uarte.o(log_const_data)
    m_nrf_log_WDT_logs_data_const            0x00025b4c   Data           8  nrfx_wdt.o(log_const_data)
    m_nrf_log_SAADC_logs_data_const          0x00025b54   Data           8  nrfx_saadc.o(log_const_data)
    m_nrf_log_app_button_logs_data_const     0x00025b5c   Data           8  app_button.o(log_const_data)
    m_nrf_log_app_timer_logs_data_const      0x00025b64   Data           8  app_timer2.o(log_const_data)
    m_nrf_log_pwr_mgmt_logs_data_const       0x00025b6c   Data           8  nrf_pwr_mgmt.o(log_const_data)
    m_nrf_log_sortlist_logs_data_const       0x00025b74   Data           8  nrf_sortlist.o(log_const_data)
    m_nrf_log_nrf_fstorage_logs_data_const   0x00025b7c   Data           8  nrf_fstorage.o(log_const_data)
    m_nrf_log_app_logs_data_const            0x00025b84   Data           8  nrf_log_frontend.o(log_const_data)
    m_nrf_log_nrf_sdh_logs_data_const        0x00025b8c   Data           8  nrf_sdh.o(log_const_data)
    m_nrf_log_nrf_sdh_ble_logs_data_const    0x00025b94   Data           8  nrf_sdh_ble.o(log_const_data)
    m_nrf_log_nrf_sdh_soc_logs_data_const    0x00025b9c   Data           8  nrf_sdh_soc.o(log_const_data)
    log_const_data$$Limit                    0x00025ba4   Number         0  nrf_sdh_soc.o(log_const_data)
    log_mempool                              0x00025ba4   Data          20  nrf_log_frontend.o(nrf_balloc)
    sdh_ble_observers0$$Base                 0x00025bb8   Number         0  ble_conn_state.o(sdh_ble_observers0)
    sdh_ble_observers0$$Limit                0x00025bc0   Number         0  ble_conn_state.o(sdh_ble_observers0)
    sdh_ble_observers1$$Base                 0x00025bc0   Number         0  main.o(sdh_ble_observers1)
    sdh_ble_observers1$$Limit                0x00025bd8   Number         0  ble_conn_params.o(sdh_ble_observers1)
    sdh_ble_observers2$$Base                 0x00025bd8   Number         0  main.o(sdh_ble_observers2)
    sdh_ble_observers2$$Limit                0x00025be8   Number         0  main.o(sdh_ble_observers2)
    sdh_ble_observers3$$Base                 0x00025be8   Number         0  main.o(sdh_ble_observers3)
    m_req_obs                                0x00025bf0   Data           8  nrf_fstorage_sd.o(sdh_req_observers0)
    sdh_ble_observers3$$Limit                0x00025bf0   Number         0  main.o(sdh_ble_observers3)
    sdh_req_observers0$$Base                 0x00025bf0   Number         0  nrf_fstorage_sd.o(sdh_req_observers0)
    sdh_req_observers0$$Limit                0x00025bf8   Number         0  nrf_fstorage_sd.o(sdh_req_observers0)
    sdh_soc_observers0$$Base                 0x00025bf8   Number         0  nrf_drv_clock.o(sdh_soc_observers0)
    sdh_soc_observers0$$Limit                0x00025c08   Number         0  nrf_fstorage_sd.o(sdh_soc_observers0)
    sdh_stack_observers0$$Base               0x00025c08   Number         0  nrf_sdh_ble.o(sdh_stack_observers0)
    sdh_stack_observers0$$Limit              0x00025c18   Number         0  nrf_sdh_soc.o(sdh_stack_observers0)
    sdh_state_observers0$$Base               0x00025c18   Number         0  nrf_drv_clock.o(sdh_state_observers0)
    sdh_state_observers0$$Limit              0x00025c28   Number         0  nrf_fstorage_sd.o(sdh_state_observers0)
    Image$$RW_IRAM1$$Base                    0x200022c8   Number         0  anon$$obj.o ABSOLUTE
    Reset_Count                              0x200022c8   Data           1  main.o(.data)
    BattType                                 0x200022c9   Data           1  main.o(.data)
    Sys_State                                0x200022ca   Data           1  main.o(.data)
    Charge_State                             0x200022cb   Data           1  main.o(.data)
    Last_Charge_State                        0x200022cc   Data           1  main.o(.data)
    Charge_Ing                               0x200022cd   Data           1  main.o(.data)
    Charge_Flash                             0x200022ce   Data           1  main.o(.data)
    Charge_Count                             0x200022cf   Data           1  main.o(.data)
    Low_Power                                0x200022d0   Data           1  main.o(.data)
    Batt_Count                               0x200022d1   Data           1  main.o(.data)
    Lost_Count                               0x200022d2   Data           1  main.o(.data)
    Ack_Flag                                 0x200022d3   Data           1  main.o(.data)
    Serial_Flag                              0x200022d4   Data           1  main.o(.data)
    Cmd_Flag                                 0x200022d5   Data           1  main.o(.data)
    Set_Data                                 0x200022d6   Data           1  main.o(.data)
    Led_Flash                                0x200022d7   Data           1  main.o(.data)
    NO_Data                                  0x200022d8   Data           1  main.o(.data)
    Batt_Cap                                 0x200022da   Data           2  main.o(.data)
    Weight_Data                              0x200022dc   Data           2  main.o(.data)
    Adc_Value                                0x200022de   Data           2  main.o(.data)
    Sleep_Count                              0x200022e0   Data           2  main.o(.data)
    Max_Adc_Value                            0x200022e2   Data           2  main.o(.data)
    Charge_Over                              0x200022e4   Data           2  main.o(.data)
    m_channel_id                             0x20002310   Data           1  main.o(.data)
    saadc_val                                0x20002312   Data           2  main.o(.data)
    time                                     0x20002318   Data           6  main.o(.data)
    Batt_sum                                 0x20002320   Data           4  main.o(.data)
    Batt_samp_n                              0x20002324   Data           4  main.o(.data)
    Batt_val                                 0x20002328   Data           2  main.o(.data)
    Batt_f                                   0x2000232c   Data           4  main.o(.data)
    off_sta                                  0x20002330   Data           2  main.o(.data)
    Data                                     0x20002350   Data           4  sensor.o(.data)
    Clear                                    0x20002354   Data           4  sensor.o(.data)
    Peel                                     0x20002358   Data           4  sensor.o(.data)
    Para                                     0x2000235c   Data           4  sensor.o(.data)
    Flag                                     0x20002360   Data           1  sensor.o(.data)
    PSet                                     0x20002361   Data           1  sensor.o(.data)
    Pt                                       0x20002362   Data           1  sensor.o(.data)
    Buf                                      0x20002363   Data           1  sensor.o(.data)
    nrf_drv_uart_use_easy_dma                0x20002374   Data           1  nrf_drv_uart.o(.data)
    SystemCoreClock                          0x2000249c   Data           4  system_nrf52810.o(.data)
    fs_data$$Base                            0x200024a0   Number         0  fds.o(fs_data)
    m_fs                                     0x200024a0   Data          20  fds.o(fs_data)
    fs_data$$Limit                           0x200024b4   Number         0  fds.o(fs_data)
    Batt_adc                                 0x20002518   Data         128  main.o(.bss)
    weight_data_info                         0x20002cec   Data          44  device_name_op.o(.bss)
    Padj                                     0x20002d68   Data          40  sensor.o(.bss)
    HPadj                                    0x20002d90   Data          10  sensor.o(.bss)
    MPadj                                    0x20002d9a   Data          10  sensor.o(.bss)
    LPadj                                    0x20002da4   Data          10  sensor.o(.bss)
    Arr                                      0x20002db0   Data          20  sensor.o(.bss)
    Brr                                      0x20002dc4   Data          20  sensor.o(.bss)
    chData                                   0x20002dd8   Data          16  sensor.o(.bss)
    chA                                      0x20002de8   Data          16  sensor.o(.bss)
    chB                                      0x20002df8   Data          16  sensor.o(.bss)
    chC                                      0x20002e08   Data          16  sensor.o(.bss)
    chD                                      0x20002e18   Data          16  sensor.o(.bss)
    sqA                                      0x20002e28   Data          16  sensor.o(.bss)
    sqB                                      0x20002e38   Data          16  sensor.o(.bss)
    sqC                                      0x20002e48   Data          16  sensor.o(.bss)
    sqD                                      0x20002e58   Data          16  sensor.o(.bss)
    nrf_nvic_state                           0x200030ec   Data          12  app_util_platform.o(.bss)
    _SEGGER_RTT                              0x20003870   Data         120  segger_rtt.o(.bss)
    __initial_sp                             0x200042f8   Data           0  arm_startup_nrf52810.o(STACK)



==============================================================================

Memory Map of the image

  Image Entry point : 0x00019201

  Load Region LR_IROM1 (Base: 0x00019000, Size: 0x0000ce14, Max: 0x00017000, ABSOLUTE, COMPRESSED[0x0000cc98])

    Execution Region ER_IROM1 (Exec base: 0x00019000, Load base: 0x00019000, Size: 0x0000cc28, Max: 0x00017000, ABSOLUTE)

    Exec Addr    Load Addr    Size         Type   Attr      Idx    E Section Name        Object

    0x00019000   0x00019000   0x00000200   Data   RO         7095    RESET               arm_startup_nrf52810.o
    0x00019200   0x00019200   0x00000000   Code   RO         8986  * .ARM.Collect$$$$00000000  mc_w.l(entry.o)
    0x00019200   0x00019200   0x00000004   Code   RO         9043    .ARM.Collect$$$$00000001  mc_w.l(entry2.o)
    0x00019204   0x00019204   0x00000004   Code   RO         9046    .ARM.Collect$$$$00000004  mc_w.l(entry5.o)
    0x00019208   0x00019208   0x00000000   Code   RO         9048    .ARM.Collect$$$$00000008  mc_w.l(entry7b.o)
    0x00019208   0x00019208   0x00000000   Code   RO         9050    .ARM.Collect$$$$0000000A  mc_w.l(entry8b.o)
    0x00019208   0x00019208   0x00000008   Code   RO         9051    .ARM.Collect$$$$0000000B  mc_w.l(entry9a.o)
    0x00019210   0x00019210   0x00000000   Code   RO         9053    .ARM.Collect$$$$0000000D  mc_w.l(entry10a.o)
    0x00019210   0x00019210   0x00000000   Code   RO         9055    .ARM.Collect$$$$0000000F  mc_w.l(entry11a.o)
    0x00019210   0x00019210   0x00000004   Code   RO         9044    .ARM.Collect$$$$00002712  mc_w.l(entry2.o)
    0x00019214   0x00019214   0x000000c8   Code   RO         4080    .emb_text           nrf_atfifo.o
    0x000192dc   0x000192dc   0x000000e2   Code   RO         4219    .emb_text           nrf_atomic.o
    0x000193be   0x000193be   0x00000002   PAD
    0x000193c0   0x000193c0   0x0000001a   Code   RO         4995    .emb_text           app_error_handler_keil.o
    0x000193da   0x000193da   0x00000002   PAD
    0x000193dc   0x000193dc   0x00000054   Code   RO         7096    .text               arm_startup_nrf52810.o
    0x00019430   0x00019430   0x00000062   Code   RO         8989    .text               mc_w.l(uldiv.o)
    0x00019492   0x00019492   0x0000001e   Code   RO         8991    .text               mc_w.l(llshl.o)
    0x000194b0   0x000194b0   0x00000008   Code   RO         8993    .text               mc_w.l(ctype_o.o)
    0x000194b8   0x000194b8   0x00000024   Code   RO         9021    .text               mc_w.l(memcpya.o)
    0x000194dc   0x000194dc   0x00000024   Code   RO         9023    .text               mc_w.l(memseta.o)
    0x00019500   0x00019500   0x0000000e   Code   RO         9025    .text               mc_w.l(strlen.o)
    0x0001950e   0x0001950e   0x00000064   Code   RO         9033    .text               mf_w.l(fmul.o)
    0x00019572   0x00019572   0x0000007c   Code   RO         9035    .text               mf_w.l(fdiv.o)
    0x000195ee   0x000195ee   0x0000000a   Code   RO         9037    .text               mf_w.l(ffltui.o)
    0x000195f8   0x000195f8   0x00000032   Code   RO         9039    .text               mf_w.l(ffixi.o)
    0x0001962a   0x0001962a   0x00000028   Code   RO         9041    .text               mf_w.l(ffixui.o)
    0x00019652   0x00019652   0x00000020   Code   RO         9057    .text               mc_w.l(llushr.o)
    0x00019672   0x00019672   0x00000000   Code   RO         9059    .text               mc_w.l(iusefp.o)
    0x00019672   0x00019672   0x0000006e   Code   RO         9060    .text               mf_w.l(fepilogue.o)
    0x000196e0   0x000196e0   0x00000024   Code   RO         9062    .text               mc_w.l(init.o)
    0x00019704   0x00019704   0x00000056   Code   RO         9072    .text               mc_w.l(__dczerorl2.o)
    0x0001975a   0x0001975a   0x00000002   PAD
    0x0001975c   0x0001975c   0x000000ac   Code   RO          740    i.Avg_Filter        sensor.o
    0x00019808   0x00019808   0x00000032   Code   RO          741    i.Clear_Data        sensor.o
    0x0001983a   0x0001983a   0x00000002   PAD
    0x0001983c   0x0001983c   0x000000bc   Code   RO         2475    i.GPIOTE_IRQHandler  nrfx_gpiote.o
    0x000198f8   0x000198f8   0x00000074   Code   RO          742    i.HX71708_Sampling  sensor.o
    0x0001996c   0x0001996c   0x000000b8   Code   RO          743    i.HX71708_ch        sensor.o
    0x00019a24   0x00019a24   0x000000b4   Code   RO            4    i.IO_Init           main.o
    0x00019ad8   0x00019ad8   0x00000070   Code   RO          744    i.Init_Data         sensor.o
    0x00019b48   0x00019b48   0x00000010   Code   RO          745    i.Load              sensor.o
    0x00019b58   0x00019b58   0x00000054   Code   RO         2312    i.POWER_CLOCK_IRQHandler  nrfx_clock.o
    0x00019bac   0x00019bac   0x00000018   Code   RO         4560    i.RTC1_IRQHandler   drv_rtc.o
    0x00019bc4   0x00019bc4   0x00000094   Code   RO          747    i.Read_Count        sensor.o
    0x00019c58   0x00019c58   0x000001c4   Code   RO          748    i.Read_Data         sensor.o
    0x00019e1c   0x00019e1c   0x000001cc   Code   RO         3583    i.SAADC_IRQHandler  nrfx_saadc.o
    0x00019fe8   0x00019fe8   0x00000084   Code   RO         6581    i.SEGGER_RTT_WriteNoLock  segger_rtt.o
    0x0001a06c   0x0001a06c   0x00000008   Code   RO         6816    i.SWI2_IRQHandler   nrf_sdh.o
    0x0001a074   0x0001a074   0x00000024   Code   RO          750    i.Save              sensor.o
    0x0001a098   0x0001a098   0x00000278   Code   RO          751    i.Save_Data         sensor.o
    0x0001a310   0x0001a310   0x00000058   Code   RO          752    i.Selsort           sensor.o
    0x0001a368   0x0001a368   0x0000021c   Code   RO            5    i.Send_Edition      main.o
    0x0001a584   0x0001a584   0x000000e8   Code   RO            6    i.Set_Led           main.o
    0x0001a66c   0x0001a66c   0x00000010   Code   RO         7103    i.SystemCoreClockUpdate  system_nrf52810.o
    0x0001a67c   0x0001a67c   0x000001e8   Code   RO         7104    i.SystemInit        system_nrf52810.o
    0x0001a864   0x0001a864   0x00000022   Code   RO            7    i.ToHexStr          main.o
    0x0001a886   0x0001a886   0x00000002   PAD
    0x0001a888   0x0001a888   0x00000010   Code   RO         2845    i.UARTE0_UART0_IRQHandler  nrfx_prs.o
    0x0001a898   0x0001a898   0x000003a0   Code   RO          753    i.Uart_Send         sensor.o
    0x0001ac38   0x0001ac38   0x00000040   Code   RO         3508    i.WDT_IRQHandler    nrfx_wdt.o
    0x0001ac78   0x0001ac78   0x0000001c   Code   RO         6586    i._GetAvailWriteSpace  segger_rtt.o
    0x0001ac94   0x0001ac94   0x00000072   Code   RO         6588    i._WriteBlocking    segger_rtt.o
    0x0001ad06   0x0001ad06   0x0000004c   Code   RO         6589    i._WriteNoCheck     segger_rtt.o
    0x0001ad52   0x0001ad52   0x00000002   PAD
    0x0001ad54   0x0001ad54   0x00000040   Code   RO            8    i.__NVIC_SystemReset  main.o
    0x0001ad94   0x0001ad94   0x0000000e   Code   RO         9066    i.__scatterload_copy  mc_w.l(handlers.o)
    0x0001ada2   0x0001ada2   0x00000002   Code   RO         9067    i.__scatterload_null  mc_w.l(handlers.o)
    0x0001ada4   0x0001ada4   0x0000000e   Code   RO         9068    i.__scatterload_zeroinit  mc_w.l(handlers.o)
    0x0001adb2   0x0001adb2   0x00000002   PAD
    0x0001adb4   0x0001adb4   0x00000038   Code   RO         6817    i.__sd_nvic_app_accessible_irq  nrf_sdh.o
    0x0001adec   0x0001adec   0x0000000c   Code   RO         5050    i.__sd_nvic_irq_disable  app_util_platform.o
    0x0001adf8   0x0001adf8   0x00000010   Code   RO         5452    i.addr_is_aligned32  nrf_fstorage.o
    0x0001ae08   0x0001ae08   0x00000014   Code   RO         5453    i.addr_is_page_aligned  nrf_fstorage.o
    0x0001ae1c   0x0001ae1c   0x00000018   Code   RO         1714    i.addr_is_valid     ble_advertising.o
    0x0001ae34   0x0001ae34   0x0000001c   Code   RO         5454    i.addr_is_within_bounds  nrf_fstorage.o
    0x0001ae50   0x0001ae50   0x0000002c   Code   RO         5682    i.address_is_valid  fds.o
    0x0001ae7c   0x0001ae7c   0x00000058   Code   RO         1715    i.adv_mode_next_avail_get  ble_advertising.o
    0x0001aed4   0x0001aed4   0x00000012   Code   RO         1716    i.adv_mode_next_get  ble_advertising.o
    0x0001aee6   0x0001aee6   0x00000012   Code   RO         1717    i.adv_set_data_size_max_get  ble_advertising.o
    0x0001aef8   0x0001aef8   0x00000088   Code   RO          599    i.adv_updata        device_name_op.o
    0x0001af80   0x0001af80   0x000000cc   Code   RO          600    i.advertising_init  device_name_op.o
    0x0001b04c   0x0001b04c   0x00000054   Code   RO          601    i.advertising_start  device_name_op.o
    0x0001b0a0   0x0001b0a0   0x0000002c   Code   RO         3741    i.app_button_enable  app_button.o
    0x0001b0cc   0x0001b0cc   0x000000b0   Code   RO         3742    i.app_button_init   app_button.o
    0x0001b17c   0x0001b17c   0x000001c8   Code   RO         5017    i.app_error_fault_handler  app_error_weak.o
    0x0001b344   0x0001b344   0x00000088   Code   RO         4962    i.app_error_save_and_stop  app_error.o
    0x0001b3cc   0x0001b3cc   0x0000001e   Code   RO         5245    i.app_fifo_get      app_fifo.o
    0x0001b3ea   0x0001b3ea   0x00000022   Code   RO         5248    i.app_fifo_put      app_fifo.o
    0x0001b40c   0x0001b40c   0x00000010   Code   RO         3900    i.app_timer_cnt_get  app_timer2.o
    0x0001b41c   0x0001b41c   0x00000020   Code   RO         3901    i.app_timer_create  app_timer2.o
    0x0001b43c   0x0001b43c   0x0000006c   Code   RO         3902    i.app_timer_init    app_timer2.o
    0x0001b4a8   0x0001b4a8   0x00000036   Code   RO         3905    i.app_timer_start   app_timer2.o
    0x0001b4de   0x0001b4de   0x00000014   Code   RO         3906    i.app_timer_stop    app_timer2.o
    0x0001b4f2   0x0001b4f2   0x00000002   PAD
    0x0001b4f4   0x0001b4f4   0x00000018   Code   RO         3907    i.app_timer_stop_all  app_timer2.o
    0x0001b50c   0x0001b50c   0x00000034   Code   RO         5327    i.app_uart_close    app_uart_fifo.o
    0x0001b540   0x0001b540   0x0000006c   Code   RO         5331    i.app_uart_put      app_uart_fifo.o
    0x0001b5ac   0x0001b5ac   0x0000000c   Code   RO         5051    i.app_util_critical_region_enter  app_util_platform.o
    0x0001b5b8   0x0001b5b8   0x00000048   Code   RO         5052    i.app_util_critical_region_exit  app_util_platform.o
    0x0001b600   0x0001b600   0x00000052   Code   RO         1225    i.appearance_encode  ble_advdata.o
    0x0001b652   0x0001b652   0x00000002   PAD
    0x0001b654   0x0001b654   0x0000009c   Code   RO            9    i.battery_smooth    main.o
    0x0001b6f0   0x0001b6f0   0x0000006c   Code   RO         2007    i.blcm_link_ctx_get  ble_link_ctx_manager.o
    0x0001b75c   0x0001b75c   0x0000006c   Code   RO          603    i.ble_adv_stop      device_name_op.o
    0x0001b7c8   0x0001b7c8   0x0000016c   Code   RO         1227    i.ble_advdata_encode  ble_advdata.o
    0x0001b934   0x0001b934   0x00000028   Code   RO         1229    i.ble_advdata_parse  ble_advdata.o
    0x0001b95c   0x0001b95c   0x0000005c   Code   RO         1230    i.ble_advdata_search  ble_advdata.o
    0x0001b9b8   0x0001b9b8   0x000000c6   Code   RO         1718    i.ble_advertising_advdata_update  ble_advertising.o
    0x0001ba7e   0x0001ba7e   0x00000006   Code   RO         1719    i.ble_advertising_conn_cfg_tag_set  ble_advertising.o
    0x0001ba84   0x0001ba84   0x00000108   Code   RO         1720    i.ble_advertising_init  ble_advertising.o
    0x0001bb8c   0x0001bb8c   0x00000012   Code   RO         1721    i.ble_advertising_modes_config_set  ble_advertising.o
    0x0001bb9e   0x0001bb9e   0x0000003c   Code   RO         1722    i.ble_advertising_on_ble_evt  ble_advertising.o
    0x0001bbda   0x0001bbda   0x00000174   Code   RO         1725    i.ble_advertising_start  ble_advertising.o
    0x0001bd4e   0x0001bd4e   0x00000002   PAD
    0x0001bd50   0x0001bd50   0x0000009c   Code   RO         1353    i.ble_conn_params_init  ble_conn_params.o
    0x0001bdec   0x0001bdec   0x00000014   Code   RO         1453    i.ble_conn_state_conn_idx  ble_conn_state.o
    0x0001be00   0x0001be00   0x0000001c   Code   RO         1467    i.ble_conn_state_valid  ble_conn_state.o
    0x0001be1c   0x0001be1c   0x00000076   Code   RO         1233    i.ble_device_addr_encode  ble_advdata.o
    0x0001be92   0x0001be92   0x00000002   PAD
    0x0001be94   0x0001be94   0x00000240   Code   RO           10    i.ble_evt_handler   main.o
    0x0001c0d4   0x0001c0d4   0x00000040   Code   RO         1355    i.ble_evt_handler   ble_conn_params.o
    0x0001c114   0x0001c114   0x000000ec   Code   RO         1468    i.ble_evt_handler   ble_conn_state.o
    0x0001c200   0x0001c200   0x00000044   Code   RO          604    i.ble_gatt_params_on_ble_evt  device_name_op.o
    0x0001c244   0x0001c244   0x00000012   Code   RO         1645    i.ble_srv_is_notification_enabled  ble_srv_common.o
    0x0001c256   0x0001c256   0x00000002   PAD
    0x0001c258   0x0001c258   0x0000007c   Code   RO           11    i.ble_stack_init    main.o
    0x0001c2d4   0x0001c2d4   0x0000007a   Code   RO         2031    i.ble_uarts_data_send  my_ble_uarts.o
    0x0001c34e   0x0001c34e   0x00000002   PAD
    0x0001c350   0x0001c350   0x00000108   Code   RO         2032    i.ble_uarts_init    my_ble_uarts.o
    0x0001c458   0x0001c458   0x00000044   Code   RO         2033    i.ble_uarts_on_ble_evt  my_ble_uarts.o
    0x0001c49c   0x0001c49c   0x000000e8   Code   RO         6300    i.buf_prealloc      nrf_log_frontend.o
    0x0001c584   0x0001c584   0x0000002c   Code   RO         4818    i.buffer_add        nrf_fprintf_format.o
    0x0001c5b0   0x0001c5b0   0x00000018   Code   RO         6301    i.buffer_is_empty   nrf_log_frontend.o
    0x0001c5c8   0x0001c5c8   0x0000005c   Code   RO           12    i.button_event_handler  main.o
    0x0001c624   0x0001c624   0x0000002c   Code   RO         3744    i.button_get        app_button.o
    0x0001c650   0x0001c650   0x00000060   Code   RO           13    i.buttons_init      main.o
    0x0001c6b0   0x0001c6b0   0x00000020   Code   RO         2476    i.channel_free      nrfx_gpiote.o
    0x0001c6d0   0x0001c6d0   0x00000010   Code   RO         2477    i.channel_handler_get  nrfx_gpiote.o
    0x0001c6e0   0x0001c6e0   0x00000080   Code   RO         2478    i.channel_port_alloc  nrfx_gpiote.o
    0x0001c760   0x0001c760   0x0000000c   Code   RO         2479    i.channel_port_get  nrfx_gpiote.o
    0x0001c76c   0x0001c76c   0x000001c8   Code   RO         1647    i.characteristic_add  ble_srv_common.o
    0x0001c934   0x0001c934   0x00000030   Code   RO         2083    i.clock_clk_started_notify  nrf_drv_clock.o
    0x0001c964   0x0001c964   0x00000028   Code   RO         2084    i.clock_irq_handler  nrf_drv_clock.o
    0x0001c98c   0x0001c98c   0x00000026   Code   RO         3908    i.compare_func      app_timer2.o
    0x0001c9b2   0x0001c9b2   0x00000028   Code   RO         1727    i.config_is_valid   ble_advertising.o
    0x0001c9da   0x0001c9da   0x0000003c   Code   RO         1469    i.conn_handle_list_get  ble_conn_state.o
    0x0001ca16   0x0001ca16   0x0000005a   Code   RO         1234    i.conn_int_check    ble_advdata.o
    0x0001ca70   0x0001ca70   0x00000068   Code   RO         1235    i.conn_int_encode   ble_advdata.o
    0x0001cad8   0x0001cad8   0x0000002c   Code   RO           14    i.conn_params_error_handler  main.o
    0x0001cb04   0x0001cb04   0x00000074   Code   RO           15    i.conn_params_init  main.o
    0x0001cb78   0x0001cb78   0x00000054   Code   RO         1356    i.conn_params_negotiation  ble_conn_params.o
    0x0001cbcc   0x0001cbcc   0x000000d4   Code   RO           16    i.deep_sleep        main.o
    0x0001cca0   0x0001cca0   0x00000052   Code   RO         5683    i.delete_execute    fds.o
    0x0001ccf2   0x0001ccf2   0x00000002   PAD
    0x0001ccf4   0x0001ccf4   0x00000060   Code   RO         3745    i.detection_delay_timeout_handler  app_button.o
    0x0001cd54   0x0001cd54   0x00000094   Code   RO          605    i.device_name_handle  device_name_op.o
    0x0001cde8   0x0001cde8   0x000000c8   Code   RO          606    i.device_name_set   device_name_op.o
    0x0001ceb0   0x0001ceb0   0x00000018   Code   RO         6302    i.dropped_sat16_get  nrf_log_frontend.o
    0x0001cec8   0x0001cec8   0x00000016   Code   RO         4561    i.drv_rtc_compare_disable  drv_rtc.o
    0x0001cede   0x0001cede   0x0000001a   Code   RO         4564    i.drv_rtc_compare_pending  drv_rtc.o
    0x0001cef8   0x0001cef8   0x0000005c   Code   RO         4565    i.drv_rtc_compare_set  drv_rtc.o
    0x0001cf54   0x0001cf54   0x0000000c   Code   RO         4566    i.drv_rtc_counter_get  drv_rtc.o
    0x0001cf60   0x0001cf60   0x00000128   Code   RO         4567    i.drv_rtc_init      drv_rtc.o
    0x0001d088   0x0001d088   0x00000024   Code   RO         4568    i.drv_rtc_irq_trigger  drv_rtc.o
    0x0001d0ac   0x0001d0ac   0x00000012   Code   RO         4570    i.drv_rtc_overflow_enable  drv_rtc.o
    0x0001d0be   0x0001d0be   0x00000010   Code   RO         4571    i.drv_rtc_overflow_pending  drv_rtc.o
    0x0001d0ce   0x0001d0ce   0x0000000e   Code   RO         4572    i.drv_rtc_start     drv_rtc.o
    0x0001d0dc   0x0001d0dc   0x0000000e   Code   RO         4573    i.drv_rtc_stop      drv_rtc.o
    0x0001d0ea   0x0001d0ea   0x000000fc   Code   RO         4578    i.drv_rtc_windowed_compare_set  drv_rtc.o
    0x0001d1e6   0x0001d1e6   0x00000002   PAD
    0x0001d1e8   0x0001d1e8   0x00000058   Code   RO         5547    i.erase             nrf_fstorage_sd.o
    0x0001d240   0x0001d240   0x0000000e   Code   RO         5548    i.erase_execute     nrf_fstorage_sd.o
    0x0001d24e   0x0001d24e   0x0000007e   Code   RO         5684    i.event_prepare     fds.o
    0x0001d2cc   0x0001d2cc   0x00000068   Code   RO         5549    i.event_send        nrf_fstorage_sd.o
    0x0001d334   0x0001d334   0x00000028   Code   RO         5685    i.event_send        fds.o
    0x0001d35c   0x0001d35c   0x00000018   Code   RO         4579    i.evt_disable       drv_rtc.o
    0x0001d374   0x0001d374   0x0000001c   Code   RO         4580    i.evt_enable        drv_rtc.o
    0x0001d390   0x0001d390   0x000000f0   Code   RO         3746    i.evt_handle        app_button.o
    0x0001d480   0x0001d480   0x0000001c   Code   RO         4581    i.evt_pending       drv_rtc.o
    0x0001d49c   0x0001d49c   0x00000084   Code   RO          607    i.fds_evt_handler   device_name_op.o
    0x0001d520   0x0001d520   0x00000044   Code   RO         5688    i.fds_gc            fds.o
    0x0001d564   0x0001d564   0x000000cc   Code   RO         5689    i.fds_init          fds.o
    0x0001d630   0x0001d630   0x00000068   Code   RO         5690    i.fds_record_close  fds.o
    0x0001d698   0x0001d698   0x00000016   Code   RO         5692    i.fds_record_find   fds.o
    0x0001d6ae   0x0001d6ae   0x00000002   PAD
    0x0001d6b0   0x0001d6b0   0x00000050   Code   RO         5697    i.fds_record_open   fds.o
    0x0001d700   0x0001d700   0x0000001c   Code   RO         5698    i.fds_record_update  fds.o
    0x0001d71c   0x0001d71c   0x00000014   Code   RO         5699    i.fds_record_write  fds.o
    0x0001d730   0x0001d730   0x00000034   Code   RO         5701    i.fds_register      fds.o
    0x0001d764   0x0001d764   0x00000114   Code   RO          608    i.fds_save_devicename  device_name_op.o
    0x0001d878   0x0001d878   0x00000130   Code   RO          609    i.fds_save_weightdata  device_name_op.o
    0x0001d9a8   0x0001d9a8   0x00000018   Code   RO         5251    i.fifo_get          app_fifo.o
    0x0001d9c0   0x0001d9c0   0x0000000a   Code   RO         5252    i.fifo_length       app_fifo.o
    0x0001d9ca   0x0001d9ca   0x00000012   Code   RO         5253    i.fifo_peek         app_fifo.o
    0x0001d9dc   0x0001d9dc   0x00000012   Code   RO         5254    i.fifo_put          app_fifo.o
    0x0001d9ee   0x0001d9ee   0x00000002   PAD
    0x0001d9f0   0x0001d9f0   0x00000034   Code   RO         5705    i.file_find_and_delete  fds.o
    0x0001da24   0x0001da24   0x000000c4   Code   RO          610    i.find_device_name  device_name_op.o
    0x0001dae8   0x0001dae8   0x000000c4   Code   RO          611    i.find_weight_data  device_name_op.o
    0x0001dbac   0x0001dbac   0x0000001e   Code   RO         1470    i.flag_toggle       ble_conn_state.o
    0x0001dbca   0x0001dbca   0x00000036   Code   RO         1236    i.flags_encode      ble_advdata.o
    0x0001dc00   0x0001dc00   0x0000002c   Code   RO         1728    i.flags_set         ble_advertising.o
    0x0001dc2c   0x0001dc2c   0x0000001c   Code   RO         5706    i.flash_bounds_set  fds.o
    0x0001dc48   0x0001dc48   0x00000038   Code   RO         5707    i.flash_end_addr    fds.o
    0x0001dc80   0x0001dc80   0x0000001c   Code   RO         5708    i.flash_subsystem_init  fds.o
    0x0001dc9c   0x0001dc9c   0x0000000c   Code   RO         5709    i.fs_event_handler  fds.o
    0x0001dca8   0x0001dca8   0x00000058   Code   RO           17    i.gap_params_init   main.o
    0x0001dd00   0x0001dd00   0x00000002   Code   RO           18    i.gatt_evt_handler  main.o
    0x0001dd02   0x0001dd02   0x00000002   PAD
    0x0001dd04   0x0001dd04   0x00000060   Code   RO           19    i.gatt_init         main.o
    0x0001dd64   0x0001dd64   0x00000074   Code   RO         5710    i.gc_execute        fds.o
    0x0001ddd8   0x0001ddd8   0x00000040   Code   RO         5711    i.gc_init           fds.o
    0x0001de18   0x0001de18   0x00000028   Code   RO         5712    i.gc_next_page      fds.o
    0x0001de40   0x0001de40   0x0000004c   Code   RO         5713    i.gc_page_erase     fds.o
    0x0001de8c   0x0001de8c   0x00000050   Code   RO         5714    i.gc_page_next      fds.o
    0x0001dedc   0x0001dedc   0x00000040   Code   RO         5715    i.gc_record_copy    fds.o
    0x0001df1c   0x0001df1c   0x00000024   Code   RO         5716    i.gc_record_find_next  fds.o
    0x0001df40   0x0001df40   0x00000058   Code   RO         5717    i.gc_state_advance  fds.o
    0x0001df98   0x0001df98   0x0000002c   Code   RO         5718    i.gc_swap_erase     fds.o
    0x0001dfc4   0x0001dfc4   0x00000060   Code   RO         5719    i.gc_swap_pages     fds.o
    0x0001e024   0x0001e024   0x00000024   Code   RO         5720    i.gc_swap_promote   fds.o
    0x0001e048   0x0001e048   0x00000018   Code   RO         5721    i.gc_tag_new_swap   fds.o
    0x0001e060   0x0001e060   0x00000020   Code   RO         5722    i.gc_update_swap_offset  fds.o
    0x0001e080   0x0001e080   0x0000003c   Code   RO         3909    i.get_now           app_timer2.o
    0x0001e0bc   0x0001e0bc   0x00000048   Code   RO         3747    i.gpiote_event_handler  app_button.o
    0x0001e104   0x0001e104   0x00000030   Code   RO         5723    i.header_check      fds.o
    0x0001e134   0x0001e134   0x00000016   Code   RO         5724    i.header_has_next   fds.o
    0x0001e14a   0x0001e14a   0x0000000e   Code   RO         5725    i.header_jump       fds.o
    0x0001e158   0x0001e158   0x0000000e   Code   RO           20    i.idle_state_handle  main.o
    0x0001e166   0x0001e166   0x00000002   PAD
    0x0001e168   0x0001e168   0x0000003c   Code   RO         5550    i.init              nrf_fstorage_sd.o
    0x0001e1a4   0x0001e1a4   0x00000134   Code   RO         5726    i.init_execute      fds.o
    0x0001e2d8   0x0001e2d8   0x0000002c   Code   RO         1357    i.instance_get      ble_conn_params.o
    0x0001e304   0x0001e304   0x000000be   Code   RO         4819    i.int_print         nrf_fprintf_format.o
    0x0001e3c2   0x0001e3c2   0x00000002   PAD
    0x0001e3c4   0x0001e3c4   0x00000058   Code   RO         2900    i.interrupts_disable  nrfx_uart.o
    0x0001e41c   0x0001e41c   0x00000058   Code   RO         3145    i.interrupts_disable  nrfx_uarte.o
    0x0001e474   0x0001e474   0x00000046   Code   RO         6304    i.invalid_packets_omit  nrf_log_frontend.o
    0x0001e4ba   0x0001e4ba   0x00000002   PAD
    0x0001e4bc   0x0001e4bc   0x00000014   Code   RO         5551    i.is_busy           nrf_fstorage_sd.o
    0x0001e4d0   0x0001e4d0   0x00000072   Code   RO         1358    i.is_conn_params_ok  ble_conn_params.o
    0x0001e542   0x0001e542   0x00000010   Code   RO         5727    i.is_word_aligned   fds.o
    0x0001e552   0x0001e552   0x0000000c   Code   RO         2087    i.item_dequeue      nrf_drv_clock.o
    0x0001e55e   0x0001e55e   0x00000026   Code   RO         2480    i.latch_pending_read_and_check  nrfx_gpiote.o
    0x0001e584   0x0001e584   0x00000018   Code   RO         2089    i.lfclk_stop        nrf_drv_clock.o
    0x0001e59c   0x0001e59c   0x00000010   Code   RO         1866    i.link_init         nrf_ble_gatt.o
    0x0001e5ac   0x0001e5ac   0x000000cc   Code   RO         6305    i.log_skip          nrf_log_frontend.o
    0x0001e678   0x0001e678   0x000009f8   Code   RO           22    i.m_app_timeout_handler  main.o
    0x0001f070   0x0001f070   0x00000040   Code   RO           23    i.m_avg_timeout_handler  main.o
    0x0001f0b0   0x0001f0b0   0x0000004c   Code   RO           24    i.main              main.o
    0x0001f0fc   0x0001f0fc   0x00000076   Code   RO         1237    i.manuf_specific_data_encode  ble_advdata.o
    0x0001f172   0x0001f172   0x000000ca   Code   RO         4405    i.memobj_op         nrf_memobj.o
    0x0001f23c   0x0001f23c   0x00000038   Code   RO         6306    i.module_idx_get    nrf_log_frontend.o
    0x0001f274   0x0001f274   0x00000034   Code   RO          612    i.my_fds_init       device_name_op.o
    0x0001f2a8   0x0001f2a8   0x000000c8   Code   RO         1238    i.name_encode       ble_advdata.o
    0x0001f370   0x0001f370   0x00000004   Code   RO         7187    i.nrf52_errata_103  system_nrf52810.o
    0x0001f374   0x0001f374   0x0000002c   Code   RO         7214    i.nrf52_errata_136  system_nrf52810.o
    0x0001f3a0   0x0001f3a0   0x0000002c   Code   RO         7281    i.nrf52_errata_217  system_nrf52810.o
    0x0001f3cc   0x0001f3cc   0x0000002c   Code   RO         7304    i.nrf52_errata_31   system_nrf52810.o
    0x0001f3f8   0x0001f3f8   0x0000002c   Code   RO         7309    i.nrf52_errata_36   system_nrf52810.o
    0x0001f424   0x0001f424   0x0000002c   Code   RO         7332    i.nrf52_errata_66   system_nrf52810.o
    0x0001f450   0x0001f450   0x00000016   Code   RO         4082    i.nrf_atfifo_clear  nrf_atfifo.o
    0x0001f466   0x0001f466   0x00000028   Code   RO         4084    i.nrf_atfifo_init   nrf_atfifo.o
    0x0001f48e   0x0001f48e   0x0000001c   Code   RO         4085    i.nrf_atfifo_item_alloc  nrf_atfifo.o
    0x0001f4aa   0x0001f4aa   0x0000001c   Code   RO         4086    i.nrf_atfifo_item_free  nrf_atfifo.o
    0x0001f4c6   0x0001f4c6   0x0000001c   Code   RO         4087    i.nrf_atfifo_item_get  nrf_atfifo.o
    0x0001f4e2   0x0001f4e2   0x0000001c   Code   RO         4088    i.nrf_atfifo_item_put  nrf_atfifo.o
    0x0001f4fe   0x0001f4fe   0x0000001e   Code   RO         4153    i.nrf_atflags_clear  nrf_atflags.o
    0x0001f51c   0x0001f51c   0x0000001e   Code   RO         4158    i.nrf_atflags_get   nrf_atflags.o
    0x0001f53a   0x0001f53a   0x0000001e   Code   RO         4160    i.nrf_atflags_set   nrf_atflags.o
    0x0001f558   0x0001f558   0x0000000e   Code   RO         4221    i.nrf_atomic_flag_clear_fetch  nrf_atomic.o
    0x0001f566   0x0001f566   0x0000000e   Code   RO         4222    i.nrf_atomic_flag_set  nrf_atomic.o
    0x0001f574   0x0001f574   0x0000000e   Code   RO         4223    i.nrf_atomic_flag_set_fetch  nrf_atomic.o
    0x0001f582   0x0001f582   0x00000016   Code   RO         4224    i.nrf_atomic_u32_add  nrf_atomic.o
    0x0001f598   0x0001f598   0x00000016   Code   RO         4225    i.nrf_atomic_u32_and  nrf_atomic.o
    0x0001f5ae   0x0001f5ae   0x00000016   Code   RO         4227    i.nrf_atomic_u32_fetch_add  nrf_atomic.o
    0x0001f5c4   0x0001f5c4   0x00000016   Code   RO         4228    i.nrf_atomic_u32_fetch_and  nrf_atomic.o
    0x0001f5da   0x0001f5da   0x00000016   Code   RO         4229    i.nrf_atomic_u32_fetch_or  nrf_atomic.o
    0x0001f5f0   0x0001f5f0   0x00000016   Code   RO         4230    i.nrf_atomic_u32_fetch_store  nrf_atomic.o
    0x0001f606   0x0001f606   0x00000016   Code   RO         4234    i.nrf_atomic_u32_or  nrf_atomic.o
    0x0001f61c   0x0001f61c   0x00000016   Code   RO         4236    i.nrf_atomic_u32_sub  nrf_atomic.o
    0x0001f632   0x0001f632   0x00000052   Code   RO         4358    i.nrf_balloc_alloc  nrf_balloc.o
    0x0001f684   0x0001f684   0x00000010   Code   RO         4359    i.nrf_balloc_block2idx  nrf_balloc.o
    0x0001f694   0x0001f694   0x00000030   Code   RO         4360    i.nrf_balloc_free   nrf_balloc.o
    0x0001f6c4   0x0001f6c4   0x0000000c   Code   RO         4361    i.nrf_balloc_idx2block  nrf_balloc.o
    0x0001f6d0   0x0001f6d0   0x00000016   Code   RO         2481    i.nrf_bitmask_bit_is_set  nrfx_gpiote.o
    0x0001f6e6   0x0001f6e6   0x0000001e   Code   RO         1868    i.nrf_ble_gatt_att_mtu_periph_set  nrf_ble_gatt.o
    0x0001f704   0x0001f704   0x00000038   Code   RO         1870    i.nrf_ble_gatt_init  nrf_ble_gatt.o
    0x0001f73c   0x0001f73c   0x000000f8   Code   RO         1871    i.nrf_ble_gatt_on_ble_evt  nrf_ble_gatt.o
    0x0001f834   0x0001f834   0x00000020   Code   RO         1951    i.nrf_ble_qwr_conn_handle_assign  nrf_ble_qwr.o
    0x0001f854   0x0001f854   0x00000032   Code   RO         1952    i.nrf_ble_qwr_init  nrf_ble_qwr.o
    0x0001f886   0x0001f886   0x0000007c   Code   RO         1953    i.nrf_ble_qwr_on_ble_evt  nrf_ble_qwr.o
    0x0001f902   0x0001f902   0x00000012   Code   RO         2313    i.nrf_clock_event_check  nrfx_clock.o
    0x0001f914   0x0001f914   0x00000012   Code   RO         2314    i.nrf_clock_event_clear  nrfx_clock.o
    0x0001f926   0x0001f926   0x00000002   PAD
    0x0001f928   0x0001f928   0x0000000c   Code   RO         2315    i.nrf_clock_int_disable  nrfx_clock.o
    0x0001f934   0x0001f934   0x00000008   Code   RO         2317    i.nrf_clock_task_trigger  nrfx_clock.o
    0x0001f93c   0x0001f93c   0x00000030   Code   RO           25    i.nrf_delay_ms      main.o
    0x0001f96c   0x0001f96c   0x0000004c   Code   RO         2095    i.nrf_drv_clock_init  nrf_drv_clock.o
    0x0001f9b8   0x0001f9b8   0x00000030   Code   RO         2099    i.nrf_drv_clock_lfclk_release  nrf_drv_clock.o
    0x0001f9e8   0x0001f9e8   0x00000044   Code   RO         5334    i.nrf_drv_uart_tx   app_uart_fifo.o
    0x0001fa2c   0x0001fa2c   0x0000002a   Code   RO         4779    i.nrf_fprintf       nrf_fprintf.o
    0x0001fa56   0x0001fa56   0x0000001c   Code   RO         4780    i.nrf_fprintf_buffer_flush  nrf_fprintf.o
    0x0001fa72   0x0001fa72   0x000001f0   Code   RO         4820    i.nrf_fprintf_fmt   nrf_fprintf_format.o
    0x0001fc62   0x0001fc62   0x00000002   PAD
    0x0001fc64   0x0001fc64   0x00000170   Code   RO         5455    i.nrf_fstorage_erase  nrf_fstorage.o
    0x0001fdd4   0x0001fdd4   0x000000ac   Code   RO         5456    i.nrf_fstorage_init  nrf_fstorage.o
    0x0001fe80   0x0001fe80   0x0000001c   Code   RO         5552    i.nrf_fstorage_sdh_req_handler  nrf_fstorage_sd.o
    0x0001fe9c   0x0001fe9c   0x0000002c   Code   RO         5553    i.nrf_fstorage_sdh_state_handler  nrf_fstorage_sd.o
    0x0001fec8   0x0001fec8   0x0000008c   Code   RO         5554    i.nrf_fstorage_sys_evt_handler  nrf_fstorage_sd.o
    0x0001ff54   0x0001ff54   0x00000264   Code   RO         5462    i.nrf_fstorage_write  nrf_fstorage.o
    0x000201b8   0x000201b8   0x00000028   Code   RO           26    i.nrf_gpio_cfg      main.o
    0x000201e0   0x000201e0   0x00000028   Code   RO         2482    i.nrf_gpio_cfg      nrfx_gpiote.o
    0x00020208   0x00020208   0x00000028   Code   RO         2902    i.nrf_gpio_cfg      nrfx_uart.o
    0x00020230   0x00020230   0x00000028   Code   RO         3147    i.nrf_gpio_cfg      nrfx_uarte.o
    0x00020258   0x00020258   0x00000018   Code   RO         2903    i.nrf_gpio_cfg_default  nrfx_uart.o
    0x00020270   0x00020270   0x00000018   Code   RO         3148    i.nrf_gpio_cfg_default  nrfx_uarte.o
    0x00020288   0x00020288   0x0000001a   Code   RO           27    i.nrf_gpio_cfg_input  main.o
    0x000202a2   0x000202a2   0x00000018   Code   RO           28    i.nrf_gpio_cfg_output  main.o
    0x000202ba   0x000202ba   0x00000032   Code   RO         2484    i.nrf_gpio_cfg_sense_set  nrfx_gpiote.o
    0x000202ec   0x000202ec   0x00000034   Code   RO         2485    i.nrf_gpio_latches_read_and_clear  nrfx_gpiote.o
    0x00020320   0x00020320   0x00000016   Code   RO           29    i.nrf_gpio_pin_clear  main.o
    0x00020336   0x00020336   0x00000016   Code   RO          754    i.nrf_gpio_pin_clear  sensor.o
    0x0002034c   0x0002034c   0x00000022   Code   RO         2487    i.nrf_gpio_pin_present_check  nrfx_gpiote.o
    0x0002036e   0x0002036e   0x00000018   Code   RO           30    i.nrf_gpio_pin_read  main.o
    0x00020386   0x00020386   0x00000018   Code   RO          755    i.nrf_gpio_pin_read  sensor.o
    0x0002039e   0x0002039e   0x00000018   Code   RO         2488    i.nrf_gpio_pin_read  nrfx_gpiote.o
    0x000203b6   0x000203b6   0x00000016   Code   RO           31    i.nrf_gpio_pin_set  main.o
    0x000203cc   0x000203cc   0x00000016   Code   RO          756    i.nrf_gpio_pin_set  sensor.o
    0x000203e2   0x000203e2   0x00000022   Code   RO           32    i.nrf_gpio_pin_toggle  main.o
    0x00020404   0x00020404   0x0000000c   Code   RO         2490    i.nrf_gpiote_event_addr_get  nrfx_gpiote.o
    0x00020410   0x00020410   0x0000001c   Code   RO         2491    i.nrf_gpiote_event_clear  nrfx_gpiote.o
    0x0002042c   0x0002042c   0x00000016   Code   RO         2492    i.nrf_gpiote_event_is_set  nrfx_gpiote.o
    0x00020442   0x00020442   0x00000002   PAD
    0x00020444   0x00020444   0x0000000c   Code   RO         2493    i.nrf_gpiote_int_enable  nrfx_gpiote.o
    0x00020450   0x00020450   0x00000002   Code   RO         6143    i.nrf_log_backend_rtt_flush  nrf_log_backend_rtt.o
    0x00020452   0x00020452   0x00000002   Code   RO         6145    i.nrf_log_backend_rtt_panic_set  nrf_log_backend_rtt.o
    0x00020454   0x00020454   0x00000020   Code   RO         6146    i.nrf_log_backend_rtt_put  nrf_log_backend_rtt.o
    0x00020474   0x00020474   0x000000f2   Code   RO         6211    i.nrf_log_backend_serial_put  nrf_log_backend_serial.o
    0x00020566   0x00020566   0x00000002   PAD
    0x00020568   0x00020568   0x00000038   Code   RO         6309    i.nrf_log_color_id_get  nrf_log_frontend.o
    0x000205a0   0x000205a0   0x0000031c   Code   RO         6310    i.nrf_log_frontend_dequeue  nrf_log_frontend.o
    0x000208bc   0x000208bc   0x00000014   Code   RO         6312    i.nrf_log_frontend_std_0  nrf_log_frontend.o
    0x000208d0   0x000208d0   0x00000018   Code   RO         6313    i.nrf_log_frontend_std_1  nrf_log_frontend.o
    0x000208e8   0x000208e8   0x00000020   Code   RO         6314    i.nrf_log_frontend_std_2  nrf_log_frontend.o
    0x00020908   0x00020908   0x00000028   Code   RO         6315    i.nrf_log_frontend_std_3  nrf_log_frontend.o
    0x00020930   0x00020930   0x00000038   Code   RO         6317    i.nrf_log_frontend_std_5  nrf_log_frontend.o
    0x00020968   0x00020968   0x0000003c   Code   RO         6318    i.nrf_log_frontend_std_6  nrf_log_frontend.o
    0x000209a4   0x000209a4   0x000000bc   Code   RO         6503    i.nrf_log_hexdump_entry_process  nrf_log_str_formatter.o
    0x00020a60   0x00020a60   0x00000014   Code   RO         6320    i.nrf_log_module_cnt_get  nrf_log_frontend.o
    0x00020a74   0x00020a74   0x00000024   Code   RO         6324    i.nrf_log_module_name_get  nrf_log_frontend.o
    0x00020a98   0x00020a98   0x00000034   Code   RO         6325    i.nrf_log_panic     nrf_log_frontend.o
    0x00020acc   0x00020acc   0x000000c8   Code   RO         6504    i.nrf_log_std_entry_process  nrf_log_str_formatter.o
    0x00020b94   0x00020b94   0x0000007a   Code   RO         4406    i.nrf_memobj_alloc  nrf_memobj.o
    0x00020c0e   0x00020c0e   0x00000040   Code   RO         4407    i.nrf_memobj_free   nrf_memobj.o
    0x00020c4e   0x00020c4e   0x00000010   Code   RO         4408    i.nrf_memobj_get    nrf_memobj.o
    0x00020c5e   0x00020c5e   0x0000001e   Code   RO         4410    i.nrf_memobj_put    nrf_memobj.o
    0x00020c7c   0x00020c7c   0x00000022   Code   RO         4411    i.nrf_memobj_read   nrf_memobj.o
    0x00020c9e   0x00020c9e   0x00000022   Code   RO         4412    i.nrf_memobj_write  nrf_memobj.o
    0x00020cc0   0x00020cc0   0x00000040   Code   RO         4485    i.nrf_pwr_mgmt_init  nrf_pwr_mgmt.o
    0x00020d00   0x00020d00   0x00000016   Code   RO         4486    i.nrf_pwr_mgmt_run  nrf_pwr_mgmt.o
    0x00020d16   0x00020d16   0x00000002   PAD
    0x00020d18   0x00020d18   0x0000002c   Code   RO           33    i.nrf_qwr_error_handler  main.o
    0x00020d44   0x00020d44   0x0000000c   Code   RO         4582    i.nrf_rtc_cc_get    drv_rtc.o
    0x00020d50   0x00020d50   0x0000000a   Code   RO         4583    i.nrf_rtc_cc_set    drv_rtc.o
    0x00020d5a   0x00020d5a   0x00000008   Code   RO         4584    i.nrf_rtc_counter_get  drv_rtc.o
    0x00020d62   0x00020d62   0x0000000e   Code   RO         4585    i.nrf_rtc_event_clear  drv_rtc.o
    0x00020d70   0x00020d70   0x00000006   Code   RO         4586    i.nrf_rtc_event_disable  drv_rtc.o
    0x00020d76   0x00020d76   0x00000006   Code   RO         4587    i.nrf_rtc_event_enable  drv_rtc.o
    0x00020d7c   0x00020d7c   0x00000006   Code   RO         4588    i.nrf_rtc_int_disable  drv_rtc.o
    0x00020d82   0x00020d82   0x00000006   Code   RO         4589    i.nrf_rtc_int_enable  drv_rtc.o
    0x00020d88   0x00020d88   0x00000006   Code   RO         4590    i.nrf_rtc_task_trigger  drv_rtc.o
    0x00020d8e   0x00020d8e   0x00000002   PAD
    0x00020d90   0x00020d90   0x00000010   Code   RO         3584    i.nrf_saadc_buffer_init  nrfx_saadc.o
    0x00020da0   0x00020da0   0x00000018   Code   RO         3585    i.nrf_saadc_channel_input_set  nrfx_saadc.o
    0x00020db8   0x00020db8   0x00000014   Code   RO         3586    i.nrf_saadc_event_check  nrfx_saadc.o
    0x00020dcc   0x00020dcc   0x00000018   Code   RO         3587    i.nrf_saadc_event_clear  nrfx_saadc.o
    0x00020de4   0x00020de4   0x0000000c   Code   RO         3588    i.nrf_saadc_int_disable  nrfx_saadc.o
    0x00020df0   0x00020df0   0x0000000c   Code   RO         3589    i.nrf_saadc_int_enable  nrfx_saadc.o
    0x00020dfc   0x00020dfc   0x00000014   Code   RO         3590    i.nrf_saadc_limit_int_get  nrfx_saadc.o
    0x00020e10   0x00020e10   0x0000000c   Code   RO         3591    i.nrf_saadc_task_trigger  nrfx_saadc.o
    0x00020e1c   0x00020e1c   0x00000018   Code   RO         6947    i.nrf_sdh_ble_app_ram_start_get  nrf_sdh_ble.o
    0x00020e34   0x00020e34   0x00000194   Code   RO         6948    i.nrf_sdh_ble_default_cfg_set  nrf_sdh_ble.o
    0x00020fc8   0x00020fc8   0x0000014c   Code   RO         6949    i.nrf_sdh_ble_enable  nrf_sdh_ble.o
    0x00021114   0x00021114   0x000000b0   Code   RO         6950    i.nrf_sdh_ble_evts_poll  nrf_sdh_ble.o
    0x000211c4   0x000211c4   0x00000064   Code   RO         6818    i.nrf_sdh_disable_request  nrf_sdh.o
    0x00021228   0x00021228   0x00000084   Code   RO         6819    i.nrf_sdh_enable_request  nrf_sdh.o
    0x000212ac   0x000212ac   0x00000030   Code   RO         6820    i.nrf_sdh_evts_poll  nrf_sdh.o
    0x000212dc   0x000212dc   0x0000000c   Code   RO         6821    i.nrf_sdh_is_enabled  nrf_sdh.o
    0x000212e8   0x000212e8   0x00000028   Code   RO         6823    i.nrf_sdh_request_continue  nrf_sdh.o
    0x00021310   0x00021310   0x0000008c   Code   RO         7006    i.nrf_sdh_soc_evts_poll  nrf_sdh_soc.o
    0x0002139c   0x0002139c   0x00000006   Code   RO         6826    i.nrf_section_iter_get  nrf_sdh.o
    0x000213a2   0x000213a2   0x00000014   Code   RO         4926    i.nrf_section_iter_init  nrf_section_iter.o
    0x000213b6   0x000213b6   0x0000002e   Code   RO         4927    i.nrf_section_iter_item_set  nrf_section_iter.o
    0x000213e4   0x000213e4   0x0000002e   Code   RO         4928    i.nrf_section_iter_next  nrf_section_iter.o
    0x00021412   0x00021412   0x00000028   Code   RO         5188    i.nrf_sortlist_add  nrf_sortlist.o
    0x0002143a   0x0002143a   0x00000008   Code   RO         5190    i.nrf_sortlist_peek  nrf_sortlist.o
    0x00021442   0x00021442   0x00000018   Code   RO         5191    i.nrf_sortlist_pop  nrf_sortlist.o
    0x0002145a   0x0002145a   0x00000026   Code   RO         5192    i.nrf_sortlist_remove  nrf_sortlist.o
    0x00021480   0x00021480   0x00000040   Code   RO         5155    i.nrf_strerror_find  nrf_strerror.o
    0x000214c0   0x000214c0   0x0000001c   Code   RO         5156    i.nrf_strerror_get  nrf_strerror.o
    0x000214dc   0x000214dc   0x0000000e   Code   RO         2908    i.nrf_uart_event_check  nrfx_uart.o
    0x000214ea   0x000214ea   0x0000000e   Code   RO         2909    i.nrf_uart_event_clear  nrfx_uart.o
    0x000214f8   0x000214f8   0x0000000c   Code   RO         2910    i.nrf_uart_hwfc_pins_set  nrfx_uart.o
    0x00021504   0x00021504   0x00000006   Code   RO         2911    i.nrf_uart_int_disable  nrfx_uart.o
    0x0002150a   0x0002150a   0x00000006   Code   RO         2914    i.nrf_uart_task_trigger  nrfx_uart.o
    0x00021510   0x00021510   0x0000000e   Code   RO         2915    i.nrf_uart_txrx_pins_set  nrfx_uart.o
    0x0002151e   0x0002151e   0x0000000e   Code   RO         3153    i.nrf_uarte_event_check  nrfx_uarte.o
    0x0002152c   0x0002152c   0x0000000e   Code   RO         3154    i.nrf_uarte_event_clear  nrfx_uarte.o
    0x0002153a   0x0002153a   0x0000000c   Code   RO         3155    i.nrf_uarte_hwfc_pins_set  nrfx_uarte.o
    0x00021546   0x00021546   0x00000006   Code   RO         3156    i.nrf_uarte_int_disable  nrfx_uarte.o
    0x0002154c   0x0002154c   0x0000000c   Code   RO         3159    i.nrf_uarte_shorts_disable  nrfx_uarte.o
    0x00021558   0x00021558   0x00000006   Code   RO         3160    i.nrf_uarte_task_trigger  nrfx_uarte.o
    0x0002155e   0x0002155e   0x0000000e   Code   RO         3162    i.nrf_uarte_txrx_pins_set  nrfx_uarte.o
    0x0002156c   0x0002156c   0x00000014   Code   RO         3509    i.nrf_wdt_reload_request_set  nrfx_wdt.o
    0x00021580   0x00021580   0x00000014   Code   RO         2102    i.nrf_wdt_started   nrf_drv_clock.o
    0x00021594   0x00021594   0x00000014   Code   RO         2322    i.nrfx_clock_enable  nrfx_clock.o
    0x000215a8   0x000215a8   0x00000024   Code   RO         2325    i.nrfx_clock_init   nrfx_clock.o
    0x000215cc   0x000215cc   0x0000002c   Code   RO         2328    i.nrfx_clock_lfclk_stop  nrfx_clock.o
    0x000215f8   0x000215f8   0x00000018   Code   RO          757    i.nrfx_coredep_delay_us  sensor.o
    0x00021610   0x00021610   0x00000018   Code   RO         3592    i.nrfx_coredep_delay_us  nrfx_saadc.o
    0x00021628   0x00021628   0x00000018   Code   RO         4591    i.nrfx_coredep_delay_us  drv_rtc.o
    0x00021640   0x00021640   0x00000008   Code   RO         2330    i.nrfx_get_irq_number  nrfx_clock.o
    0x00021648   0x00021648   0x00000008   Code   RO         2496    i.nrfx_get_irq_number  nrfx_gpiote.o
    0x00021650   0x00021650   0x00000008   Code   RO         2916    i.nrfx_get_irq_number  nrfx_uart.o
    0x00021658   0x00021658   0x00000008   Code   RO         3163    i.nrfx_get_irq_number  nrfx_uarte.o
    0x00021660   0x00021660   0x000000ac   Code   RO         2502    i.nrfx_gpiote_in_event_enable  nrfx_gpiote.o
    0x0002170c   0x0002170c   0x000000f4   Code   RO         2504    i.nrfx_gpiote_in_init  nrfx_gpiote.o
    0x00021800   0x00021800   0x00000014   Code   RO         2505    i.nrfx_gpiote_in_is_set  nrfx_gpiote.o
    0x00021814   0x00021814   0x000000d4   Code   RO         2507    i.nrfx_gpiote_init  nrfx_gpiote.o
    0x000218e8   0x000218e8   0x00000014   Code   RO         2508    i.nrfx_gpiote_is_init  nrfx_gpiote.o
    0x000218fc   0x000218fc   0x00000014   Code   RO         3164    i.nrfx_is_in_ram    nrfx_uarte.o
    0x00021910   0x00021910   0x000000b0   Code   RO         2331    i.nrfx_power_clock_irq_init  nrfx_clock.o
    0x000219c0   0x000219c0   0x00000016   Code   RO         2847    i.nrfx_prs_release  nrfx_prs.o
    0x000219d6   0x000219d6   0x00000002   PAD
    0x000219d8   0x000219d8   0x000000d8   Code   RO         3596    i.nrfx_saadc_channel_init  nrfx_saadc.o
    0x00021ab0   0x00021ab0   0x00000058   Code   RO         3597    i.nrfx_saadc_channel_uninit  nrfx_saadc.o
    0x00021b08   0x00021b08   0x000000f8   Code   RO         3598    i.nrfx_saadc_init   nrfx_saadc.o
    0x00021c00   0x00021c00   0x000000b0   Code   RO         3600    i.nrfx_saadc_limits_set  nrfx_saadc.o
    0x00021cb0   0x00021cb0   0x000000fc   Code   RO         3602    i.nrfx_saadc_sample_convert  nrfx_saadc.o
    0x00021dac   0x00021dac   0x000000b8   Code   RO         3604    i.nrfx_saadc_uninit  nrfx_saadc.o
    0x00021e64   0x00021e64   0x0000008c   Code   RO         2925    i.nrfx_uart_tx      nrfx_uart.o
    0x00021ef0   0x00021ef0   0x00000024   Code   RO         2927    i.nrfx_uart_tx_in_progress  nrfx_uart.o
    0x00021f14   0x00021f14   0x00000044   Code   RO         2928    i.nrfx_uart_uninit  nrfx_uart.o
    0x00021f58   0x00021f58   0x000000c0   Code   RO         3171    i.nrfx_uarte_tx     nrfx_uarte.o
    0x00022018   0x00022018   0x00000020   Code   RO         3173    i.nrfx_uarte_tx_in_progress  nrfx_uarte.o
    0x00022038   0x00022038   0x00000094   Code   RO         3174    i.nrfx_uarte_uninit  nrfx_uarte.o
    0x000220cc   0x000220cc   0x00000054   Code   RO         3510    i.nrfx_wdt_channel_alloc  nrfx_wdt.o
    0x00022120   0x00022120   0x0000000c   Code   RO         3511    i.nrfx_wdt_channel_feed  nrfx_wdt.o
    0x0002212c   0x0002212c   0x00000024   Code   RO         3512    i.nrfx_wdt_enable   nrfx_wdt.o
    0x00022150   0x00022150   0x000000c8   Code   RO         3514    i.nrfx_wdt_init     nrfx_wdt.o
    0x00022218   0x00022218   0x00000044   Code   RO          613    i.on_adv_evt        device_name_op.o
    0x0002225c   0x0002225c   0x00000014   Code   RO         3910    i.on_compare1_evt   app_timer2.o
    0x00022270   0x00022270   0x00000020   Code   RO         3911    i.on_compare_evt    app_timer2.o
    0x00022290   0x00022290   0x00000034   Code   RO           34    i.on_conn_params_evt  main.o
    0x000222c4   0x000222c4   0x00000030   Code   RO         1359    i.on_conn_params_update  ble_conn_params.o
    0x000222f4   0x000222f4   0x00000070   Code   RO         1360    i.on_connect        ble_conn_params.o
    0x00022364   0x00022364   0x000000d4   Code   RO         2034    i.on_connect        my_ble_uarts.o
    0x00022438   0x00022438   0x0000000e   Code   RO         1729    i.on_connected      ble_advertising.o
    0x00022446   0x00022446   0x00000002   PAD
    0x00022448   0x00022448   0x000000a8   Code   RO         1872    i.on_connected_evt  nrf_ble_gatt.o
    0x000224f0   0x000224f0   0x00000032   Code   RO         1361    i.on_disconnect     ble_conn_params.o
    0x00022522   0x00022522   0x00000032   Code   RO         1730    i.on_disconnected   ble_advertising.o
    0x00022554   0x00022554   0x00000018   Code   RO         1873    i.on_disconnected_evt  nrf_ble_gatt.o
    0x0002256c   0x0002256c   0x000000cc   Code   RO         1874    i.on_exchange_mtu_request_evt  nrf_ble_gatt.o
    0x00022638   0x00022638   0x00000068   Code   RO         1875    i.on_exchange_mtu_rsp_evt  nrf_ble_gatt.o
    0x000226a0   0x000226a0   0x000000a0   Code   RO         2035    i.on_hvx_tx_complete  my_ble_uarts.o
    0x00022740   0x00022740   0x00000024   Code   RO         5555    i.on_operation_failure  nrf_fstorage_sd.o
    0x00022764   0x00022764   0x00000060   Code   RO         5556    i.on_operation_success  nrf_fstorage_sd.o
    0x000227c4   0x000227c4   0x0000001c   Code   RO         3912    i.on_overflow_evt   app_timer2.o
    0x000227e0   0x000227e0   0x0000006a   Code   RO         1954    i.on_rw_authorize_request  nrf_ble_qwr.o
    0x0002284a   0x0002284a   0x00000040   Code   RO         1731    i.on_terminated     ble_advertising.o
    0x0002288a   0x0002288a   0x00000002   Code   RO         1955    i.on_user_mem_release  nrf_ble_qwr.o
    0x0002288c   0x0002288c   0x00000020   Code   RO         1956    i.on_user_mem_request  nrf_ble_qwr.o
    0x000228ac   0x000228ac   0x00000058   Code   RO         1362    i.on_write          ble_conn_params.o
    0x00022904   0x00022904   0x000000f4   Code   RO         2036    i.on_write          my_ble_uarts.o
    0x000229f8   0x000229f8   0x00000034   Code   RO         5728    i.page_can_tag      fds.o
    0x00022a2c   0x00022a2c   0x00000048   Code   RO         5729    i.page_from_record  fds.o
    0x00022a74   0x00022a74   0x00000034   Code   RO         5730    i.page_has_space    fds.o
    0x00022aa8   0x00022aa8   0x00000030   Code   RO         5731    i.page_identify     fds.o
    0x00022ad8   0x00022ad8   0x0000001c   Code   RO         5732    i.page_offsets_update  fds.o
    0x00022af4   0x00022af4   0x00000078   Code   RO         5733    i.page_scan         fds.o
    0x00022b6c   0x00022b6c   0x00000020   Code   RO         5734    i.page_tag_write_data  fds.o
    0x00022b8c   0x00022b8c   0x00000024   Code   RO         5735    i.page_tag_write_swap  fds.o
    0x00022bb0   0x00022bb0   0x00000170   Code   RO         5736    i.pages_init        fds.o
    0x00022d20   0x00022d20   0x00000016   Code   RO         1732    i.phy_is_valid      ble_advertising.o
    0x00022d36   0x00022d36   0x00000002   PAD
    0x00022d38   0x00022d38   0x00000020   Code   RO         2526    i.pin_configured_set  nrfx_gpiote.o
    0x00022d58   0x00022d58   0x0000001c   Code   RO         2527    i.pin_in_use_by_gpiote  nrfx_gpiote.o
    0x00022d74   0x00022d74   0x00000018   Code   RO         2528    i.pin_in_use_by_port  nrfx_gpiote.o
    0x00022d8c   0x00022d8c   0x00000020   Code   RO         2529    i.pin_in_use_by_te  nrfx_gpiote.o
    0x00022dac   0x00022dac   0x0000000c   Code   RO         2530    i.pin_in_use_clear  nrfx_gpiote.o
    0x00022db8   0x00022db8   0x0000007e   Code   RO         2929    i.pins_to_default   nrfx_uart.o
    0x00022e36   0x00022e36   0x0000007e   Code   RO         3175    i.pins_to_default   nrfx_uarte.o
    0x00022eb4   0x00022eb4   0x000000c0   Code   RO         2531    i.port_event_handle  nrfx_gpiote.o
    0x00022f74   0x00022f74   0x00000010   Code   RO         2532    i.port_handler_pin_get  nrfx_gpiote.o
    0x00022f84   0x00022f84   0x00000010   Code   RO         2533    i.port_handler_polarity_get  nrfx_gpiote.o
    0x00022f94   0x00022f94   0x00000048   Code   RO         6506    i.postfix_process   nrf_log_str_formatter.o
    0x00022fdc   0x00022fdc   0x00000038   Code   RO           35    i.power_management_init  main.o
    0x00023014   0x00023014   0x000000a4   Code   RO         6507    i.prefix_process    nrf_log_str_formatter.o
    0x000230b8   0x000230b8   0x00000018   Code   RO         2848    i.prs_box_get       nrfx_prs.o
    0x000230d0   0x000230d0   0x00000020   Code   RO         5737    i.queue_buf_get     fds.o
    0x000230f0   0x000230f0   0x00000014   Code   RO         5738    i.queue_buf_store   fds.o
    0x00023104   0x00023104   0x00000018   Code   RO         5557    i.queue_free        nrf_fstorage_sd.o
    0x0002311c   0x0002311c   0x00000014   Code   RO         5739    i.queue_free        fds.o
    0x00023130   0x00023130   0x00000018   Code   RO         5740    i.queue_has_next    fds.o
    0x00023148   0x00023148   0x0000001c   Code   RO         5741    i.queue_init        fds.o
    0x00023164   0x00023164   0x00000014   Code   RO         5742    i.queue_load        fds.o
    0x00023178   0x00023178   0x0000002c   Code   RO         5558    i.queue_load_next   nrf_fstorage_sd.o
    0x000231a4   0x000231a4   0x00000090   Code   RO         5559    i.queue_process     nrf_fstorage_sd.o
    0x00023234   0x00023234   0x000000c4   Code   RO         5743    i.queue_process     fds.o
    0x000232f8   0x000232f8   0x0000001c   Code   RO         5560    i.queue_start       nrf_fstorage_sd.o
    0x00023314   0x00023314   0x00000018   Code   RO         5744    i.queue_start       fds.o
    0x0002332c   0x0002332c   0x00000010   Code   RO         6951    i.ram_end_address_get  nrf_sdh_ble.o
    0x0002333c   0x0002333c   0x0000001c   Code   RO         5561    i.read              nrf_fstorage_sd.o
    0x00023358   0x00023358   0x00000028   Code   RO         1472    i.record_activate   ble_conn_state.o
    0x00023380   0x00023380   0x00000094   Code   RO         5745    i.record_find       fds.o
    0x00023414   0x00023414   0x0000003c   Code   RO         5746    i.record_find_and_delete  fds.o
    0x00023450   0x00023450   0x0000007c   Code   RO         5747    i.record_find_by_desc  fds.o
    0x000234cc   0x000234cc   0x00000078   Code   RO         5748    i.record_find_next  fds.o
    0x00023544   0x00023544   0x00000040   Code   RO         5749    i.record_header_flag_dirty  fds.o
    0x00023584   0x00023584   0x0000002c   Code   RO         5750    i.record_header_write_begin  fds.o
    0x000235b0   0x000235b0   0x00000038   Code   RO         5751    i.record_header_write_finalize  fds.o
    0x000235e8   0x000235e8   0x00000038   Code   RO         5752    i.record_header_write_id  fds.o
    0x00023620   0x00023620   0x00000010   Code   RO         5753    i.record_id_new     fds.o
    0x00023630   0x00023630   0x00000020   Code   RO         1473    i.record_invalidate  ble_conn_state.o
    0x00023650   0x00023650   0x00000048   Code   RO         1474    i.record_purge_disconnected  ble_conn_state.o
    0x00023698   0x00023698   0x00000014   Code   RO         1475    i.record_set_disconnected  ble_conn_state.o
    0x000236ac   0x000236ac   0x00000030   Code   RO         5754    i.record_write_data  fds.o
    0x000236dc   0x000236dc   0x00000006   Code   RO         5562    i.rmap              nrf_fstorage_sd.o
    0x000236e2   0x000236e2   0x0000003e   Code   RO         3913    i.rtc_irq           app_timer2.o
    0x00023720   0x00023720   0x0000007c   Code   RO         3914    i.rtc_schedule      app_timer2.o
    0x0002379c   0x0002379c   0x000000a4   Code   RO         3915    i.rtc_update        app_timer2.o
    0x00023840   0x00023840   0x00000002   Code   RO           36    i.saadc_callback    main.o
    0x00023842   0x00023842   0x00000002   PAD
    0x00023844   0x00023844   0x0000007c   Code   RO           37    i.saadc_init        main.o
    0x000238c0   0x000238c0   0x0000007c   Code   RO         6827    i.sd_nvic_DisableIRQ  nrf_sdh.o
    0x0002393c   0x0002393c   0x000000a4   Code   RO         6828    i.sd_nvic_EnableIRQ  nrf_sdh.o
    0x000239e0   0x000239e0   0x00000068   Code   RO         5057    i.sd_nvic_critical_region_enter  app_util_platform.o
    0x00023a48   0x00023a48   0x00000090   Code   RO         2103    i.sd_state_evt_handler  nrf_drv_clock.o
    0x00023ad8   0x00023ad8   0x0000003c   Code   RO         6829    i.sdh_request_observer_notify  nrf_sdh.o
    0x00023b14   0x00023b14   0x00000034   Code   RO         6830    i.sdh_state_observer_notify  nrf_sdh.o
    0x00023b48   0x00023b48   0x00000018   Code   RO         1363    i.send_error_evt    ble_conn_params.o
    0x00023b60   0x00023b60   0x00000024   Code   RO         1364    i.send_update_request  ble_conn_params.o
    0x00023b84   0x00023b84   0x00000084   Code   RO         6147    i.serial_tx         nrf_log_backend_rtt.o
    0x00023c08   0x00023c08   0x00000096   Code   RO         1239    i.service_data_encode  ble_advdata.o
    0x00023c9e   0x00023c9e   0x00000002   PAD
    0x00023ca0   0x00023ca0   0x0000007c   Code   RO           38    i.services_init     main.o
    0x00023d1c   0x00023d1c   0x00000024   Code   RO         1733    i.set_adv_mode_directed  ble_advertising.o
    0x00023d40   0x00023d40   0x00000024   Code   RO         1734    i.set_adv_mode_directed_high_duty  ble_advertising.o
    0x00023d64   0x00023d64   0x0000004e   Code   RO         1735    i.set_adv_mode_fast  ble_advertising.o
    0x00023db2   0x00023db2   0x0000004e   Code   RO         1736    i.set_adv_mode_slow  ble_advertising.o
    0x00023e00   0x00023e00   0x000000be   Code   RO         1649    i.set_security_req  ble_srv_common.o
    0x00023ebe   0x00023ebe   0x00000002   PAD
    0x00023ec0   0x00023ec0   0x0000001c   Code   RO         2104    i.soc_evt_handler   nrf_drv_clock.o
    0x00023edc   0x00023edc   0x00000054   Code   RO         6831    i.softdevice_evt_irq_disable  nrf_sdh.o
    0x00023f30   0x00023f30   0x00000054   Code   RO         6832    i.softdevices_evt_irq_enable  nrf_sdh.o
    0x00023f84   0x00023f84   0x00000014   Code   RO         3916    i.sorted_list_stop_all  app_timer2.o
    0x00023f98   0x00023f98   0x00000018   Code   RO         3917    i.sortlist_pop      app_timer2.o
    0x00023fb0   0x00023fb0   0x00000020   Code   RO         3748    i.state_get         app_button.o
    0x00023fd0   0x00023fd0   0x00000048   Code   RO         3749    i.state_set         app_button.o
    0x00024018   0x00024018   0x00000064   Code   RO         6327    i.std_header_set    nrf_log_frontend.o
    0x0002407c   0x0002407c   0x00000070   Code   RO         6328    i.std_n             nrf_log_frontend.o
    0x000240ec   0x000240ec   0x00000074   Code   RO         4821    i.string_print      nrf_fprintf_format.o
    0x00024160   0x00024160   0x0000000a   Code   RO         4592    i.ticks_sub         drv_rtc.o
    0x0002416a   0x0002416a   0x00000002   PAD
    0x0002416c   0x0002416c   0x0000006c   Code   RO         3918    i.timer_expire      app_timer2.o
    0x000241d8   0x000241d8   0x00000094   Code   RO         3919    i.timer_req_process  app_timer2.o
    0x0002426c   0x0002426c   0x00000040   Code   RO         3920    i.timer_req_schedule  app_timer2.o
    0x000242ac   0x000242ac   0x00000020   Code   RO         3750    i.timer_start       app_button.o
    0x000242cc   0x000242cc   0x000000e0   Code   RO           39    i.timers_init       main.o
    0x000243ac   0x000243ac   0x00000002   Code   RO         6508    i.timestamp_print   nrf_log_str_formatter.o
    0x000243ae   0x000243ae   0x00000036   Code   RO         2933    i.tx_blocking       nrfx_uart.o
    0x000243e4   0x000243e4   0x00000026   Code   RO         2934    i.tx_byte           nrfx_uart.o
    0x0002440a   0x0002440a   0x00000036   Code   RO         1240    i.tx_power_level_encode  ble_advdata.o
    0x00024440   0x00024440   0x00000204   Code   RO           42    i.uarts_data_handler  main.o
    0x00024644   0x00024644   0x0000000c   Code   RO         1650    i.uint16_decode     ble_srv_common.o
    0x00024650   0x00024650   0x0000000c   Code   RO         1241    i.uint16_encode     ble_advdata.o
    0x0002465c   0x0002465c   0x00000024   Code   RO         5563    i.uninit            nrf_fstorage_sd.o
    0x00024680   0x00024680   0x000000b8   Code   RO         4822    i.unsigned_print    nrf_fprintf_format.o
    0x00024738   0x00024738   0x000000b8   Code   RO           43    i.unused_IO         main.o
    0x000247f0   0x000247f0   0x00000074   Code   RO         1365    i.update_timeout_handler  ble_conn_params.o
    0x00024864   0x00024864   0x0000001e   Code   RO         1737    i.use_whitelist     ble_advertising.o
    0x00024882   0x00024882   0x0000002c   Code   RO         1957    i.user_mem_reply    nrf_ble_qwr.o
    0x000248ae   0x000248ae   0x0000001e   Code   RO         3751    i.usr_event         app_button.o
    0x000248cc   0x000248cc   0x0000004e   Code   RO         1242    i.uuid_list_encode  ble_advdata.o
    0x0002491a   0x0002491a   0x000000d6   Code   RO         1243    i.uuid_list_sized_encode  ble_advdata.o
    0x000249f0   0x000249f0   0x00000014   Code   RO          614    i.wait_for_fds_ready  device_name_op.o
    0x00024a04   0x00024a04   0x0000002c   Code   RO           44    i.wdt_event_handler  main.o
    0x00024a30   0x00024a30   0x00000074   Code   RO           45    i.wdt_init          main.o
    0x00024aa4   0x00024aa4   0x00000094   Code   RO          615    i.weight_data_handle  device_name_op.o
    0x00024b38   0x00024b38   0x00000054   Code   RO          616    i.weight_data_set   device_name_op.o
    0x00024b8c   0x00024b8c   0x00000008   Code   RO         1738    i.whitelist_has_entries  ble_advertising.o
    0x00024b94   0x00024b94   0x00000006   Code   RO         5564    i.wmap              nrf_fstorage_sd.o
    0x00024b9a   0x00024b9a   0x00000002   PAD
    0x00024b9c   0x00024b9c   0x00000054   Code   RO         5565    i.write             nrf_fstorage_sd.o
    0x00024bf0   0x00024bf0   0x000000e8   Code   RO         5756    i.write_enqueue     fds.o
    0x00024cd8   0x00024cd8   0x00000058   Code   RO         5566    i.write_execute     nrf_fstorage_sd.o
    0x00024d30   0x00024d30   0x000000c8   Code   RO         5757    i.write_execute     fds.o
    0x00024df8   0x00024df8   0x00000024   Code   RO         5758    i.write_space_free  fds.o
    0x00024e1c   0x00024e1c   0x0000007c   Code   RO         5759    i.write_space_reserve  fds.o
    0x00024e98   0x00024e98   0x00000008   PAD
    0x00024ea0   0x00024ea0   0x00000049   Data   RO           47    .constdata          main.o
    0x00024ee9   0x00024ee9   0x00000003   PAD
    0x00024eec   0x00024eec   0x00000018   Data   RO          618    .constdata          device_name_op.o
    0x00024f04   0x00024f04   0x0000000c   PAD
    0x00024f10   0x00024f10   0x00000006   Data   RO          759    .constdata          sensor.o
    0x00024f16   0x00024f16   0x00000002   PAD
    0x00024f18   0x00024f18   0x0000000e   Data   RO         1876    .constdata          nrf_ble_gatt.o
    0x00024f26   0x00024f26   0x00000002   PAD
    0x00024f28   0x00024f28   0x00000010   Data   RO         2037    .constdata          my_ble_uarts.o
    0x00024f38   0x00024f38   0x0000003e   Data   RO         2535    .constdata          nrfx_gpiote.o
    0x00024f76   0x00024f76   0x0000000a   PAD
    0x00024f80   0x00024f80   0x000000aa   Data   RO         3606    .constdata          nrfx_saadc.o
    0x0002502a   0x0002502a   0x00000002   PAD
    0x0002502c   0x0002502c   0x00000007   Data   RO         3753    .constdata          app_button.o
    0x00025033   0x00025033   0x00000001   PAD
    0x00025034   0x00025034   0x00000014   Data   RO         3922    .constdata          app_timer2.o
    0x00025048   0x00025048   0x00000024   Data   RO         4490    .constdata          nrf_pwr_mgmt.o
    0x0002506c   0x0002506c   0x00000004   PAD
    0x00025070   0x00025070   0x00000006   Data   RO         4593    .constdata          drv_rtc.o
    0x00025076   0x00025076   0x00000010   Data   RO         4823    .constdata          nrf_fprintf_format.o
    0x00025086   0x00025086   0x00000002   PAD
    0x00025088   0x00025088   0x0000013c   Data   RO         5157    .constdata          nrf_strerror.o
    0x000251c4   0x000251c4   0x0000005e   Data   RO         5463    .constdata          nrf_fstorage.o
    0x00025222   0x00025222   0x00000002   PAD
    0x00025224   0x00025224   0x00000030   Data   RO         5568    .constdata          nrf_fstorage_sd.o
    0x00025254   0x00025254   0x00000018   Data   RO         5761    .constdata          fds.o
    0x0002526c   0x0002526c   0x00000004   PAD
    0x00025270   0x00025270   0x00000016   Data   RO         6149    .constdata          nrf_log_backend_rtt.o
    0x00025286   0x00025286   0x00000002   PAD
    0x00025288   0x00025288   0x00000058   Data   RO         6833    .constdata          nrf_sdh.o
    0x000252e0   0x000252e0   0x00000030   Data   RO         6952    .constdata          nrf_sdh_ble.o
    0x00025310   0x00025310   0x0000001c   Data   RO         7007    .constdata          nrf_sdh_soc.o
    0x0002532c   0x0002532c   0x00000081   Data   RO         8994    .constdata          mc_w.l(ctype_o.o)
    0x000253ad   0x000253ad   0x00000003   PAD
    0x000253b0   0x000253b0   0x00000004   Data   RO         8995    .constdata          mc_w.l(ctype_o.o)
    0x000253b4   0x000253b4   0x000003eb   Data   RO         5158    .conststring        nrf_strerror.o
    0x0002579f   0x0002579f   0x00000001   PAD
    0x000257a0   0x000257a0   0x0000004f   Data   RO         5464    .conststring        nrf_fstorage.o
    0x000257ef   0x000257ef   0x00000001   PAD
    0x000257f0   0x000257f0   0x00000066   Data   RO         6509    .conststring        nrf_log_str_formatter.o
    0x00025856   0x00025856   0x00000002   PAD
    0x00025858   0x00025858   0x000001cf   Data   RO         6953    .conststring        nrf_sdh_ble.o
    0x00025a27   0x00025a27   0x00000001   PAD
    0x00025a28   0x00025a28   0x0000000d   Data   RO         1877    .conststrlit        nrf_ble_gatt.o
    0x00025a35   0x00025a35   0x00000003   PAD
    0x00025a38   0x00025a38   0x00000006   Data   RO         2107    .conststrlit        nrf_drv_clock.o
    0x00025a3e   0x00025a3e   0x00000002   PAD
    0x00025a40   0x00025a40   0x00000006   Data   RO         2333    .conststrlit        nrfx_clock.o
    0x00025a46   0x00025a46   0x00000002   PAD
    0x00025a48   0x00025a48   0x00000007   Data   RO         2536    .conststrlit        nrfx_gpiote.o
    0x00025a4f   0x00025a4f   0x00000001   PAD
    0x00025a50   0x00025a50   0x00000004   Data   RO         2850    .conststrlit        nrfx_prs.o
    0x00025a54   0x00025a54   0x00000005   Data   RO         2939    .conststrlit        nrfx_uart.o
    0x00025a59   0x00025a59   0x00000003   PAD
    0x00025a5c   0x00025a5c   0x00000006   Data   RO         3181    .conststrlit        nrfx_uarte.o
    0x00025a62   0x00025a62   0x00000002   PAD
    0x00025a64   0x00025a64   0x00000004   Data   RO         3516    .conststrlit        nrfx_wdt.o
    0x00025a68   0x00025a68   0x00000006   Data   RO         3607    .conststrlit        nrfx_saadc.o
    0x00025a6e   0x00025a6e   0x00000002   PAD
    0x00025a70   0x00025a70   0x0000000b   Data   RO         3754    .conststrlit        app_button.o
    0x00025a7b   0x00025a7b   0x00000001   PAD
    0x00025a7c   0x00025a7c   0x0000000a   Data   RO         3923    .conststrlit        app_timer2.o
    0x00025a86   0x00025a86   0x00000002   PAD
    0x00025a88   0x00025a88   0x00000009   Data   RO         4491    .conststrlit        nrf_pwr_mgmt.o
    0x00025a91   0x00025a91   0x00000003   PAD
    0x00025a94   0x00025a94   0x00000009   Data   RO         5193    .conststrlit        nrf_sortlist.o
    0x00025a9d   0x00025a9d   0x00000003   PAD
    0x00025aa0   0x00025aa0   0x0000000d   Data   RO         5465    .conststrlit        nrf_fstorage.o
    0x00025aad   0x00025aad   0x00000003   PAD
    0x00025ab0   0x00025ab0   0x00000010   Data   RO         6264    .conststrlit        nrf_log_default_backends.o
    0x00025ac0   0x00025ac0   0x00000004   Data   RO         6331    .conststrlit        nrf_log_frontend.o
    0x00025ac4   0x00025ac4   0x00000008   Data   RO         6834    .conststrlit        nrf_sdh.o
    0x00025acc   0x00025acc   0x0000000c   Data   RO         6954    .conststrlit        nrf_sdh_ble.o
    0x00025ad8   0x00025ad8   0x0000000c   Data   RO         7008    .conststrlit        nrf_sdh_soc.o
    0x00025ae4   0x00025ae4   0x00000020   Data   RO         9064    Region$$Table       anon$$obj.o
    0x00025b04   0x00025b04   0x00000010   Data   RO         6266    log_backends        nrf_log_default_backends.o
    0x00025b14   0x00025b14   0x00000008   Data   RO         1878    log_const_data      nrf_ble_gatt.o
    0x00025b1c   0x00025b1c   0x00000008   Data   RO         2108    log_const_data      nrf_drv_clock.o
    0x00025b24   0x00025b24   0x00000008   Data   RO         2335    log_const_data      nrfx_clock.o
    0x00025b2c   0x00025b2c   0x00000008   Data   RO         2537    log_const_data      nrfx_gpiote.o
    0x00025b34   0x00025b34   0x00000008   Data   RO         2852    log_const_data      nrfx_prs.o
    0x00025b3c   0x00025b3c   0x00000008   Data   RO         2940    log_const_data      nrfx_uart.o
    0x00025b44   0x00025b44   0x00000008   Data   RO         3182    log_const_data      nrfx_uarte.o
    0x00025b4c   0x00025b4c   0x00000008   Data   RO         3518    log_const_data      nrfx_wdt.o
    0x00025b54   0x00025b54   0x00000008   Data   RO         3608    log_const_data      nrfx_saadc.o
    0x00025b5c   0x00025b5c   0x00000008   Data   RO         3756    log_const_data      app_button.o
    0x00025b64   0x00025b64   0x00000008   Data   RO         3925    log_const_data      app_timer2.o
    0x00025b6c   0x00025b6c   0x00000008   Data   RO         4493    log_const_data      nrf_pwr_mgmt.o
    0x00025b74   0x00025b74   0x00000008   Data   RO         5194    log_const_data      nrf_sortlist.o
    0x00025b7c   0x00025b7c   0x00000008   Data   RO         5466    log_const_data      nrf_fstorage.o
    0x00025b84   0x00025b84   0x00000008   Data   RO         6333    log_const_data      nrf_log_frontend.o
    0x00025b8c   0x00025b8c   0x00000008   Data   RO         6836    log_const_data      nrf_sdh.o
    0x00025b94   0x00025b94   0x00000008   Data   RO         6956    log_const_data      nrf_sdh_ble.o
    0x00025b9c   0x00025b9c   0x00000008   Data   RO         7009    log_const_data      nrf_sdh_soc.o
    0x00025ba4   0x00025ba4   0x00000014   Data   RO         6334    nrf_balloc          nrf_log_frontend.o
    0x00025bb8   0x00025bb8   0x00000008   Data   RO         1478    sdh_ble_observers0  ble_conn_state.o
    0x00025bc0   0x00025bc0   0x00000008   Data   RO           49    sdh_ble_observers1  main.o
    0x00025bc8   0x00025bc8   0x00000008   Data   RO          620    sdh_ble_observers1  device_name_op.o
    0x00025bd0   0x00025bd0   0x00000008   Data   RO         1368    sdh_ble_observers1  ble_conn_params.o
    0x00025bd8   0x00025bd8   0x00000010   Data   RO           50    sdh_ble_observers2  main.o
    0x00025be8   0x00025be8   0x00000008   Data   RO           51    sdh_ble_observers3  main.o
    0x00025bf0   0x00025bf0   0x00000008   Data   RO         5570    sdh_req_observers0  nrf_fstorage_sd.o
    0x00025bf8   0x00025bf8   0x00000008   Data   RO         2109    sdh_soc_observers0  nrf_drv_clock.o
    0x00025c00   0x00025c00   0x00000008   Data   RO         5571    sdh_soc_observers0  nrf_fstorage_sd.o
    0x00025c08   0x00025c08   0x00000008   Data   RO         6957    sdh_stack_observers0  nrf_sdh_ble.o
    0x00025c10   0x00025c10   0x00000008   Data   RO         7010    sdh_stack_observers0  nrf_sdh_soc.o
    0x00025c18   0x00025c18   0x00000008   Data   RO         2110    sdh_state_observers0  nrf_drv_clock.o
    0x00025c20   0x00025c20   0x00000008   Data   RO         5572    sdh_state_observers0  nrf_fstorage_sd.o


    Execution Region RW_IRAM1 (Exec base: 0x200022c8, Load base: 0x00025c28, Size: 0x00002030, Max: 0x00003d38, ABSOLUTE, COMPRESSED[0x00000070])

    Exec Addr    Load Addr    Size         Type   Attr      Idx    E Section Name        Object

    0x200022c8   COMPRESSED   0x00000080   Data   RW           48    .data               main.o
    0x20002348   COMPRESSED   0x00000006   Data   RW          619    .data               device_name_op.o
    0x2000234e   COMPRESSED   0x00000002   PAD
    0x20002350   COMPRESSED   0x00000014   Data   RW          760    .data               sensor.o
    0x20002364   COMPRESSED   0x00000008   Data   RW         1367    .data               ble_conn_params.o
    0x2000236c   COMPRESSED   0x00000009   Data   RW         2263    .data               nrf_drv_uart.o
    0x20002375   COMPRESSED   0x00000003   PAD
    0x20002378   COMPRESSED   0x00000008   Data   RW         2334    .data               nrfx_clock.o
    0x20002380   COMPRESSED   0x00000008   Data   RW         2851    .data               nrfx_prs.o
    0x20002388   COMPRESSED   0x00000008   Data   RW         3517    .data               nrfx_wdt.o
    0x20002390   COMPRESSED   0x00000018   Data   RW         3755    .data               app_button.o
    0x200023a8   COMPRESSED   0x00000024   Data   RW         3924    .data               app_timer2.o
    0x200023cc   COMPRESSED   0x00000009   Data   RW         4492    .data               nrf_pwr_mgmt.o
    0x200023d5   COMPRESSED   0x00000003   PAD
    0x200023d8   COMPRESSED   0x0000000c   Data   RW         4594    .data               drv_rtc.o
    0x200023e4   COMPRESSED   0x0000001b   Data   RW         5338    .data               app_uart_fifo.o
    0x200023ff   COMPRESSED   0x00000001   PAD
    0x20002400   COMPRESSED   0x00000008   Data   RW         5569    .data               nrf_fstorage_sd.o
    0x20002408   COMPRESSED   0x00000030   Data   RW         5762    .data               fds.o
    0x20002438   COMPRESSED   0x00000001   Data   RW         6150    .data               nrf_log_backend_rtt.o
    0x20002439   COMPRESSED   0x00000003   PAD
    0x2000243c   COMPRESSED   0x00000008   Data   RW         6265    .data               nrf_log_default_backends.o
    0x20002444   COMPRESSED   0x00000014   Data   RW         6332    .data               nrf_log_frontend.o
    0x20002458   COMPRESSED   0x00000040   Data   RW         6510    .data               nrf_log_str_formatter.o
    0x20002498   COMPRESSED   0x00000003   Data   RW         6835    .data               nrf_sdh.o
    0x2000249b   COMPRESSED   0x00000001   Data   RW         6955    .data               nrf_sdh_ble.o
    0x2000249c   COMPRESSED   0x00000004   Data   RW         7472    .data               system_nrf52810.o
    0x200024a0   COMPRESSED   0x00000014   Data   RW         5763    fs_data             fds.o
    0x200024b4   COMPRESSED   0x00000004   PAD
    0x200024b8        -       0x000003d4   Zero   RW           46    .bss                main.o
    0x2000288c        -       0x000004dc   Zero   RW          617    .bss                device_name_op.o
    0x20002d68        -       0x00000100   Zero   RW          758    .bss                sensor.o
    0x20002e68        -       0x00000050   Zero   RW         1366    .bss                ble_conn_params.o
    0x20002eb8        -       0x0000007c   Zero   RW         1477    .bss                ble_conn_state.o
    0x20002f34        -       0x00000014   Zero   RW         2105    .bss                nrf_drv_clock.o
    0x20002f48        -       0x0000005c   Zero   RW         2534    .bss                nrfx_gpiote.o
    0x20002fa4        -       0x0000002c   Zero   RW         2937    .bss                nrfx_uart.o
    0x20002fd0        -       0x00000024   Zero   RW         3179    .bss                nrfx_uarte.o
    0x20002ff4        -       0x00000030   Zero   RW         3605    .bss                nrfx_saadc.o
    0x20003024   COMPRESSED   0x00000004   PAD
    0x20003028        -       0x00000030   Zero   RW         3752    .bss                app_button.o
    0x20003058        -       0x00000068   Zero   RW         3921    .bss                app_timer2.o
    0x200030c0        -       0x0000000c   Zero   RW         4489    .bss                nrf_pwr_mgmt.o
    0x200030cc        -       0x00000020   Zero   RW         4963    .bss                app_error.o
    0x200030ec        -       0x0000000c   Zero   RW         5058    .bss                app_util_platform.o
    0x200030f8        -       0x00000020   Zero   RW         5336    .bss                app_uart_fifo.o
    0x20003118        -       0x000000b0   Zero   RW         5567    .bss                nrf_fstorage_sd.o
    0x200031c8        -       0x000000f0   Zero   RW         5760    .bss                fds.o
    0x200032b8        -       0x00000040   Zero   RW         6148    .bss                nrf_log_backend_rtt.o
    0x200032f8        -       0x00000578   Zero   RW         6329    .bss                nrf_log_frontend.o
    0x20003870        -       0x00000288   Zero   RW         6590    .bss                segger_rtt.o
    0x20003af8        -       0x00000800   Zero   RW         7093    STACK               arm_startup_nrf52810.o


==============================================================================

Image component sizes


      Code (inc. data)   RO Data    RW Data    ZI Data      Debug   Object Name

       838        102         26         24         48      16346   app_button.o
       136          4          0          0         32       3074   app_error.o
        26          0          0          0          0        436   app_error_handler_keil.o
       456        194          0          0          0       4482   app_error_weak.o
       134          0          0          0          0       4402   app_fifo.o
         0          0          0          0          0      36998   app_scheduler.o
      1146        130         38         36        104      16762   app_timer2.o
       228         34          0         27         32      17004   app_uart_fifo.o
       200         24          0          0         12      10634   app_util_platform.o
        84         22        512          0       2048        844   arm_startup_nrf52810.o
      1770          0          0          0          0      53660   ble_advdata.o
      1566          6          0          0          0      15967   ble_advertising.o
       936         56          8          8         80      10247   ble_conn_params.o
       538         80          8          0        124       7940   ble_conn_state.o
       108          0          0          0          0       1368   ble_link_ctx_manager.o
       676          6          0          0          0      40481   ble_srv_common.o
         0          0          0          0          0        524   boards.o
      2424        676         32          6       1244      18196   device_name_op.o
      1010         98          6         12          0      51013   drv_rtc.o
      4750        464         24         68        240      47052   fds.o
      7084        962        105        128        980     203125   main.o
      1070        222         16          0          0       5698   my_ble_uarts.o
       374          0          0          0          0       5792   nrf_atfifo.o
        90          0          0          0          0       2612   nrf_atflags.o
       444          0          0          0          0       8776   nrf_atomic.o
       158          0          0          0          0       2541   nrf_balloc.o
       850        192         35          0          0       8141   nrf_ble_gatt.o
       390          0          0          0          0       5237   nrf_ble_qwr.o
       440         52         30          0         20      43008   nrf_drv_clock.o
         0          0          0          9          0      14736   nrf_drv_uart.o
        70          0          0          0          0       3153   nrf_fprintf.o
      1030          6         16          0          0       6482   nrf_fprintf_format.o
      1216        430        194          0          0       8788   nrf_fstorage.o
      1118        118         72          8        176      16435   nrf_fstorage_sd.o
       168         16         22          1         64       4998   nrf_log_backend_rtt.o
       242          0          0          0          0      10517   nrf_log_backend_serial.o
         0          0         32          8          0       2337   nrf_log_default_backends.o
      2014        116         32         20       1400      28380   nrf_log_frontend.o
       626        112        102         64          0       5216   nrf_log_str_formatter.o
       502          0          0          0          0       8024   nrf_memobj.o
        86         18         53          9         12       5851   nrf_pwr_mgmt.o
         0          0          0          0          0        984   nrf_ringbuf.o
       970        186        104          3          0      43229   nrf_sdh.o
       952        294        539          1          0       5715   nrf_sdh_ble.o
       140         56         56          0          0       2380   nrf_sdh_soc.o
       112          0          0          0          0       2348   nrf_section_iter.o
       110          0         17          0          0       3369   nrf_sortlist.o
        92         10       1319          0          0       2343   nrf_strerror.o
       424         32         14          8          0      47076   nrfx_clock.o
      1738        124         77          0         92      67106   nrfx_gpiote.o
        62         14         12          8          0       2965   nrfx_prs.o
      1788        102        184          0         48      23635   nrfx_saadc.o
       688         26         13          0         44      23342   nrfx_uart.o
       756         24         14          0         36      19718   nrfx_uarte.o
       416         62         12          8          0       7888   nrfx_wdt.o
       350          6          0          0        648       6543   segger_rtt.o
      3026        200          6         20        256      72092   sensor.o
       728         80          0          4          0       4971   system_nrf52810.o

    ----------------------------------------------------------------------
     47424       5364       3840        492       7748    1092981   Object Totals
         0          0         32          0          0          0   (incl. Generated)
        74          8         78         12          8          0   (incl. Padding)

    ----------------------------------------------------------------------

      Code (inc. data)   RO Data    RW Data    ZI Data      Debug   Library Member Name

        86          0          0          0          0          0   __dczerorl2.o
         8          4        133          0          0         68   ctype_o.o
         0          0          0          0          0          0   entry.o
         0          0          0          0          0          0   entry10a.o
         0          0          0          0          0          0   entry11a.o
         8          4          0          0          0          0   entry2.o
         4          0          0          0          0          0   entry5.o
         0          0          0          0          0          0   entry7b.o
         0          0          0          0          0          0   entry8b.o
         8          4          0          0          0          0   entry9a.o
        30          0          0          0          0          0   handlers.o
        36          8          0          0          0         68   init.o
         0          0          0          0          0          0   iusefp.o
        30          0          0          0          0         68   llshl.o
        32          0          0          0          0         68   llushr.o
        36          0          0          0          0         68   memcpya.o
        36          0          0          0          0        108   memseta.o
        14          0          0          0          0         68   strlen.o
        98          0          0          0          0         92   uldiv.o
       124          0          0          0          0         88   fdiv.o
       110          0          0          0          0        168   fepilogue.o
        50          0          0          0          0         68   ffixi.o
        40          0          0          0          0         68   ffixui.o
        10          0          0          0          0         68   ffltui.o
       100          0          0          0          0         76   fmul.o

    ----------------------------------------------------------------------
       864         20        136          0          0       1144   Library Totals
         4          0          3          0          0          0   (incl. Padding)

    ----------------------------------------------------------------------

      Code (inc. data)   RO Data    RW Data    ZI Data      Debug   Library Name

       426         20        133          0          0        608   mc_w.l
       434          0          0          0          0        536   mf_w.l

    ----------------------------------------------------------------------
       864         20        136          0          0       1144   Library Totals

    ----------------------------------------------------------------------

==============================================================================


      Code (inc. data)   RO Data    RW Data    ZI Data      Debug   

     48288       5384       3976        492       7748    1066121   Grand Totals
     48288       5384       3976        112       7748    1066121   ELF Image Totals (compressed)
     48288       5384       3976        112          0          0   ROM Totals

==============================================================================

    Total RO  Size (Code + RO Data)                52264 (  51.04kB)
    Total RW  Size (RW Data + ZI Data)              8240 (   8.05kB)
    Total ROM Size (Code + RO Data + RW Data)      52376 (  51.15kB)

==============================================================================

